Component: Arm Compiler for Embedded 6.23 Tool: armlink [5f102400]

==============================================================================

Section Cross References

    startup_stm32f103xb.o(RESET) refers to startup_stm32f103xb.o(STACK) for __initial_sp
    startup_stm32f103xb.o(RESET) refers to startup_stm32f103xb.o(.text) for Reset_Handler
    startup_stm32f103xb.o(RESET) refers to stm32f1xx_it.o(.text.NMI_Handler) for NMI_Handler
    startup_stm32f103xb.o(RESET) refers to stm32f1xx_it.o(.text.HardFault_Handler) for HardFault_Handler
    startup_stm32f103xb.o(RESET) refers to stm32f1xx_it.o(.text.MemManage_Handler) for MemManage_Handler
    startup_stm32f103xb.o(RESET) refers to stm32f1xx_it.o(.text.BusFault_Handler) for BusFault_Handler
    startup_stm32f103xb.o(RESET) refers to stm32f1xx_it.o(.text.UsageFault_Handler) for UsageFault_Handler
    startup_stm32f103xb.o(RESET) refers to stm32f1xx_it.o(.text.SVC_Handler) for SVC_Handler
    startup_stm32f103xb.o(RESET) refers to stm32f1xx_it.o(.text.DebugMon_Handler) for DebugMon_Handler
    startup_stm32f103xb.o(RESET) refers to stm32f1xx_it.o(.text.PendSV_Handler) for PendSV_Handler
    startup_stm32f103xb.o(RESET) refers to stm32f1xx_it.o(.text.SysTick_Handler) for SysTick_Handler
    startup_stm32f103xb.o(RESET) refers to stm32f1xx_it.o(.text.USART1_IRQHandler) for USART1_IRQHandler
    startup_stm32f103xb.o(.text) refers to system_stm32f1xx.o(.text.SystemInit) for SystemInit
    startup_stm32f103xb.o(.text) refers to entry.o(.ARM.Collect$$$$00000000) for __main
    main.o(.text.main) refers to stm32f1xx_hal.o(.text.HAL_Init) for HAL_Init
    main.o(.text.main) refers to stm32f1xx_hal_rcc.o(.text.HAL_RCC_OscConfig) for HAL_RCC_OscConfig
    main.o(.text.main) refers to stm32f1xx_hal_rcc.o(.text.HAL_RCC_ClockConfig) for HAL_RCC_ClockConfig
    main.o(.text.main) refers to gpio.o(.text.MX_GPIO_Init) for MX_GPIO_Init
    main.o(.text.main) refers to usart.o(.text.MX_USART1_UART_Init) for MX_USART1_UART_Init
    main.o(.text.main) refers to stm32f1xx_hal_gpio.o(.text.HAL_GPIO_TogglePin) for HAL_GPIO_TogglePin
    main.o(.text.main) refers to puts.o(i.puts) for puts
    main.o(.text.main) refers to stm32f1xx_hal.o(.text.HAL_Delay) for HAL_Delay
    main.o(.ARM.exidx.text.main) refers to main.o(.text.main) for [Anonymous Symbol]
    main.o(.text.SystemClock_Config) refers to stm32f1xx_hal_rcc.o(.text.HAL_RCC_OscConfig) for HAL_RCC_OscConfig
    main.o(.text.SystemClock_Config) refers to stm32f1xx_hal_rcc.o(.text.HAL_RCC_ClockConfig) for HAL_RCC_ClockConfig
    main.o(.ARM.exidx.text.SystemClock_Config) refers to main.o(.text.SystemClock_Config) for [Anonymous Symbol]
    main.o(.ARM.exidx.text.Error_Handler) refers to main.o(.text.Error_Handler) for [Anonymous Symbol]
    gpio.o(.text.MX_GPIO_Init) refers to stm32f1xx_hal_gpio.o(.text.HAL_GPIO_WritePin) for HAL_GPIO_WritePin
    gpio.o(.text.MX_GPIO_Init) refers to stm32f1xx_hal_gpio.o(.text.HAL_GPIO_Init) for HAL_GPIO_Init
    gpio.o(.ARM.exidx.text.MX_GPIO_Init) refers to gpio.o(.text.MX_GPIO_Init) for [Anonymous Symbol]
    usart.o(.text.MX_USART1_UART_Init) refers to usart.o(.bss.huart1) for huart1
    usart.o(.text.MX_USART1_UART_Init) refers to stm32f1xx_hal_uart.o(.text.HAL_UART_Init) for HAL_UART_Init
    usart.o(.text.MX_USART1_UART_Init) refers to main.o(.text.Error_Handler) for Error_Handler
    usart.o(.ARM.exidx.text.MX_USART1_UART_Init) refers to usart.o(.text.MX_USART1_UART_Init) for [Anonymous Symbol]
    usart.o(.text.HAL_UART_MspInit) refers to stm32f1xx_hal_gpio.o(.text.HAL_GPIO_Init) for HAL_GPIO_Init
    usart.o(.text.HAL_UART_MspInit) refers to stm32f1xx_hal_cortex.o(.text.HAL_NVIC_SetPriority) for HAL_NVIC_SetPriority
    usart.o(.text.HAL_UART_MspInit) refers to stm32f1xx_hal_cortex.o(.text.HAL_NVIC_EnableIRQ) for HAL_NVIC_EnableIRQ
    usart.o(.ARM.exidx.text.HAL_UART_MspInit) refers to usart.o(.text.HAL_UART_MspInit) for [Anonymous Symbol]
    usart.o(.text.HAL_UART_MspDeInit) refers to stm32f1xx_hal_gpio.o(.text.HAL_GPIO_DeInit) for HAL_GPIO_DeInit
    usart.o(.text.HAL_UART_MspDeInit) refers to stm32f1xx_hal_cortex.o(.text.HAL_NVIC_DisableIRQ) for HAL_NVIC_DisableIRQ
    usart.o(.ARM.exidx.text.HAL_UART_MspDeInit) refers to usart.o(.text.HAL_UART_MspDeInit) for [Anonymous Symbol]
    usart.o(.text.fputc) refers to usart.o(.bss.huart1) for huart1
    usart.o(.text.fputc) refers to stm32f1xx_hal_uart.o(.text.HAL_UART_Transmit) for HAL_UART_Transmit
    usart.o(.ARM.exidx.text.fputc) refers to usart.o(.text.fputc) for [Anonymous Symbol]
    usart.o(.text.fgetc) refers to usart.o(.bss.huart1) for huart1
    usart.o(.text.fgetc) refers to stm32f1xx_hal_uart.o(.text.HAL_UART_Receive) for HAL_UART_Receive
    usart.o(.ARM.exidx.text.fgetc) refers to usart.o(.text.fgetc) for [Anonymous Symbol]
    stm32f1xx_it.o(.ARM.exidx.text.NMI_Handler) refers to stm32f1xx_it.o(.text.NMI_Handler) for [Anonymous Symbol]
[...]
    stm32f1xx_hal.o(.ARM.exidx.text.HAL_GetHalVersion) refers to stm32f1xx_hal.o(.text.HAL_GetHalVersion) for [Anonymous Symbol]
    stm32f1xx_hal.o(.ARM.exidx.text.HAL_GetREVID) refers to stm32f1xx_hal.o(.text.HAL_GetREVID) for [Anonymous Symbol]
    stm32f1xx_hal.o(.ARM.exidx.text.HAL_GetDEVID) refers to stm32f1xx_hal.o(.text.HAL_GetDEVID) for [Anonymous Symbol]
    stm32f1xx_hal.o(.ARM.exidx.text.HAL_GetUIDw0) refers to stm32f1xx_hal.o(.text.HAL_GetUIDw0) for [Anonymous Symbol]
    stm32f1xx_hal.o(.ARM.exidx.text.HAL_GetUIDw1) refers to stm32f1xx_hal.o(.text.HAL_GetUIDw1) for [Anonymous Symbol]
    stm32f1xx_hal.o(.ARM.exidx.text.HAL_GetUIDw2) refers to stm32f1xx_hal.o(.text.HAL_GetUIDw2) for [Anonymous Symbol]
    stm32f1xx_hal.o(.ARM.exidx.text.HAL_DBGMCU_EnableDBGSleepMode) refers to stm32f1xx_hal.o(.text.HAL_DBGMCU_EnableDBGSleepMode) for [Anonymous Symbol]
    stm32f1xx_hal.o(.ARM.exidx.text.HAL_DBGMCU_DisableDBGSleepMode) refers to stm32f1xx_hal.o(.text.HAL_DBGMCU_DisableDBGSleepMode) for [Anonymous Symbol]
    stm32f1xx_hal.o(.ARM.exidx.text.HAL_DBGMCU_EnableDBGStopMode) refers to stm32f1xx_hal.o(.text.HAL_DBGMCU_EnableDBGStopMode) for [Anonymous Symbol]
    stm32f1xx_hal.o(.ARM.exidx.text.HAL_DBGMCU_DisableDBGStopMode) refers to stm32f1xx_hal.o(.text.HAL_DBGMCU_DisableDBGStopMode) for [Anonymous Symbol]
    stm32f1xx_hal.o(.ARM.exidx.text.HAL_DBGMCU_EnableDBGStandbyMode) refers to stm32f1xx_hal.o(.text.HAL_DBGMCU_EnableDBGStandbyMode) for [Anonymous Symbol]
    stm32f1xx_hal.o(.ARM.exidx.text.HAL_DBGMCU_DisableDBGStandbyMode) refers to stm32f1xx_hal.o(.text.HAL_DBGMCU_DisableDBGStandbyMode) for [Anonymous Symbol]
    stm32f1xx_hal_rcc.o(.text.HAL_RCC_DeInit) refers to stm32f1xx_hal.o(.text.HAL_GetTick) for HAL_GetTick
    stm32f1xx_hal_rcc.o(.text.HAL_RCC_DeInit) refers to stm32f1xx_hal.o(.data..L_MergedGlobals) for uwTickPrio
    stm32f1xx_hal_rcc.o(.text.HAL_RCC_DeInit) refers to system_stm32f1xx.o(.data.SystemCoreClock) for SystemCoreClock
    stm32f1xx_hal_rcc.o(.text.HAL_RCC_DeInit) refers to stm32f1xx_hal.o(.text.HAL_InitTick) for HAL_InitTick
    stm32f1xx_hal_rcc.o(.ARM.exidx.text.HAL_RCC_DeInit) refers to stm32f1xx_hal_rcc.o(.text.HAL_RCC_DeInit) for [Anonymous Symbol]
    stm32f1xx_hal_rcc.o(.text.HAL_RCC_OscConfig) refers to stm32f1xx_hal.o(.text.HAL_GetTick) for HAL_GetTick
    stm32f1xx_hal_rcc.o(.text.HAL_RCC_OscConfig) refers to system_stm32f1xx.o(.data.SystemCoreClock) for SystemCoreClock
    stm32f1xx_hal_rcc.o(.ARM.exidx.text.HAL_RCC_OscConfig) refers to stm32f1xx_hal_rcc.o(.text.HAL_RCC_OscConfig) for [Anonymous Symbol]
    stm32f1xx_hal_rcc.o(.text.HAL_RCC_ClockConfig) refers to stm32f1xx_hal_rcc.o(.rodata.cst16) for HAL_RCC_GetSysClockFreq.aPLLMULFactorTable
    stm32f1xx_hal_rcc.o(.text.HAL_RCC_ClockConfig) refers to stm32f1xx_hal.o(.text.HAL_GetTick) for HAL_GetTick
    stm32f1xx_hal_rcc.o(.text.HAL_RCC_ClockConfig) refers to stm32f1xx_hal_rcc.o(.rodata.HAL_RCC_GetSysClockFreq.aPredivFactorTable) for HAL_RCC_GetSysClockFreq.aPredivFactorTable
    stm32f1xx_hal_rcc.o(.text.HAL_RCC_ClockConfig) refers to system_stm32f1xx.o(.rodata.AHBPrescTable) for AHBPrescTable
    stm32f1xx_hal_rcc.o(.text.HAL_RCC_ClockConfig) refers to system_stm32f1xx.o(.data.SystemCoreClock) for SystemCoreClock
    stm32f1xx_hal_rcc.o(.text.HAL_RCC_ClockConfig) refers to stm32f1xx_hal.o(.data..L_MergedGlobals) for uwTickPrio
    stm32f1xx_hal_rcc.o(.text.HAL_RCC_ClockConfig) refers to stm32f1xx_hal.o(.text.HAL_InitTick) for HAL_InitTick
    stm32f1xx_hal_rcc.o(.ARM.exidx.text.HAL_RCC_ClockConfig) refers to stm32f1xx_hal_rcc.o(.text.HAL_RCC_ClockConfig) for [Anonymous Symbol]
    stm32f1xx_hal_rcc.o(.text.HAL_RCC_GetSysClockFreq) refers to stm32f1xx_hal_rcc.o(.rodata.cst16) for HAL_RCC_GetSysClockFreq.aPLLMULFactorTable
    stm32f1xx_hal_rcc.o(.text.HAL_RCC_GetSysClockFreq) refers to stm32f1xx_hal_rcc.o(.rodata.HAL_RCC_GetSysClockFreq.aPredivFactorTable) for HAL_RCC_GetSysClockFreq.aPredivFactorTable
    stm32f1xx_hal_rcc.o(.ARM.exidx.text.HAL_RCC_GetSysClockFreq) refers to stm32f1xx_hal_rcc.o(.text.HAL_RCC_GetSysClockFreq) for [Anonymous Symbol]
    stm32f1xx_hal_rcc.o(.text.HAL_RCC_MCOConfig) refers to stm32f1xx_hal_gpio.o(.text.HAL_GPIO_Init) for HAL_GPIO_Init
    stm32f1xx_hal_rcc.o(.ARM.exidx.text.HAL_RCC_MCOConfig) refers to stm32f1xx_hal_rcc.o(.text.HAL_RCC_MCOConfig) for [Anonymous Symbol]
    stm32f1xx_hal_rcc.o(.ARM.exidx.text.HAL_RCC_EnableCSS) refers to stm32f1xx_hal_rcc.o(.text.HAL_RCC_EnableCSS) for [Anonymous Symbol]
    stm32f1xx_hal_rcc.o(.ARM.exidx.text.HAL_RCC_DisableCSS) refers to stm32f1xx_hal_rcc.o(.text.HAL_RCC_DisableCSS) for [Anonymous Symbol]
    stm32f1xx_hal_rcc.o(.text.HAL_RCC_GetHCLKFreq) refers to system_stm32f1xx.o(.data.SystemCoreClock) for SystemCoreClock
    stm32f1xx_hal_rcc.o(.ARM.exidx.text.HAL_RCC_GetHCLKFreq) refers to stm32f1xx_hal_rcc.o(.text.HAL_RCC_GetHCLKFreq) for [Anonymous Symbol]
    stm32f1xx_hal_rcc.o(.text.HAL_RCC_GetPCLK1Freq) refers to system_stm32f1xx.o(.data.SystemCoreClock) for SystemCoreClock
    stm32f1xx_hal_rcc.o(.text.HAL_RCC_GetPCLK1Freq) refers to system_stm32f1xx.o(.rodata.APBPrescTable) for APBPrescTable
    stm32f1xx_hal_rcc.o(.ARM.exidx.text.HAL_RCC_GetPCLK1Freq) refers to stm32f1xx_hal_rcc.o(.text.HAL_RCC_GetPCLK1Freq) for [Anonymous Symbol]
    stm32f1xx_hal_rcc.o(.text.HAL_RCC_GetPCLK2Freq) refers to system_stm32f1xx.o(.data.SystemCoreClock) for SystemCoreClock
    stm32f1xx_hal_rcc.o(.text.HAL_RCC_GetPCLK2Freq) refers to system_stm32f1xx.o(.rodata.APBPrescTable) for APBPrescTable
    stm32f1xx_hal_rcc.o(.ARM.exidx.text.HAL_RCC_GetPCLK2Freq) refers to stm32f1xx_hal_rcc.o(.text.HAL_RCC_GetPCLK2Freq) for [Anonymous Symbol]
    stm32f1xx_hal_rcc.o(.ARM.exidx.text.HAL_RCC_GetOscConfig) refers to stm32f1xx_hal_rcc.o(.text.HAL_RCC_GetOscConfig) for [Anonymous Symbol]
    stm32f1xx_hal_rcc.o(.ARM.exidx.text.HAL_RCC_GetClockConfig) refers to stm32f1xx_hal_rcc.o(.text.HAL_RCC_GetClockConfig) for [Anonymous Symbol]
    stm32f1xx_hal_rcc.o(.text.HAL_RCC_NMI_IRQHandler) refers to stm32f1xx_hal_rcc.o(.text.HAL_RCC_CSSCallback) for HAL_RCC_CSSCallback
    stm32f1xx_hal_rcc.o(.ARM.exidx.text.HAL_RCC_NMI_IRQHandler) refers to stm32f1xx_hal_rcc.o(.text.HAL_RCC_NMI_IRQHandler) for [Anonymous Symbol]
    stm32f1xx_hal_rcc.o(.ARM.exidx.text.HAL_RCC_CSSCallback) refers to stm32f1xx_hal_rcc.o(.text.HAL_RCC_CSSCallback) for [Anonymous Symbol]
    stm32f1xx_hal_rcc_ex.o(.text.HAL_RCCEx_PeriphCLKConfig) refers to stm32f1xx_hal.o(.text.HAL_GetTick) for HAL_GetTick
    stm32f1xx_hal_rcc_ex.o(.ARM.exidx.text.HAL_RCCEx_PeriphCLKConfig) refers to stm32f1xx_hal_rcc_ex.o(.text.HAL_RCCEx_PeriphCLKConfig) for [Anonymous Symbol]
    stm32f1xx_hal_rcc_ex.o(.ARM.exidx.text.HAL_RCCEx_GetPeriphCLKConfig) refers to stm32f1xx_hal_rcc_ex.o(.text.HAL_RCCEx_GetPeriphCLKConfig) for [Anonymous Symbol]
    stm32f1xx_hal_rcc_ex.o(.text.HAL_RCCEx_GetPeriphCLKFreq) refers to stm32f1xx_hal_rcc.o(.text.HAL_RCC_GetPCLK2Freq) for HAL_RCC_GetPCLK2Freq
    stm32f1xx_hal_rcc_ex.o(.ARM.exidx.text.HAL_RCCEx_GetPeriphCLKFreq) refers to stm32f1xx_hal_rcc_ex.o(.text.HAL_RCCEx_GetPeriphCLKFreq) for [Anonymous Symbol]
    stm32f1xx_hal_gpio.o(.ARM.exidx.text.HAL_GPIO_Init) refers to stm32f1xx_hal_gpio.o(.text.HAL_GPIO_Init) for [Anonymous Symbol]
    stm32f1xx_hal_gpio.o(.ARM.exidx.text.HAL_GPIO_DeInit) refers to stm32f1xx_hal_gpio.o(.text.HAL_GPIO_DeInit) for [Anonymous Symbol]
    stm32f1xx_hal_gpio.o(.ARM.exidx.text.HAL_GPIO_ReadPin) refers to stm32f1xx_hal_gpio.o(.text.HAL_GPIO_ReadPin) for [Anonymous Symbol]
    stm32f1xx_hal_gpio.o(.ARM.exidx.text.HAL_GPIO_WritePin) refers to stm32f1xx_hal_gpio.o(.text.HAL_GPIO_WritePin) for [Anonymous Symbol]
    stm32f1xx_hal_gpio.o(.ARM.exidx.text.HAL_GPIO_TogglePin) refers to stm32f1xx_hal_gpio.o(.text.HAL_GPIO_TogglePin) for [Anonymous Symbol]
    stm32f1xx_hal_gpio.o(.ARM.exidx.text.HAL_GPIO_LockPin) refers to stm32f1xx_hal_gpio.o(.text.HAL_GPIO_LockPin) for [Anonymous Symbol]
    stm32f1xx_hal_gpio.o(.text.HAL_GPIO_EXTI_IRQHandler) refers to stm32f1xx_hal_gpio.o(.text.HAL_GPIO_EXTI_Callback) for HAL_GPIO_EXTI_Callback
    stm32f1xx_hal_gpio.o(.ARM.exidx.text.HAL_GPIO_EXTI_IRQHandler) refers to stm32f1xx_hal_gpio.o(.text.HAL_GPIO_EXTI_IRQHandler) for [Anonymous Symbol]
    stm32f1xx_hal_gpio.o(.ARM.exidx.text.HAL_GPIO_EXTI_Callback) refers to stm32f1xx_hal_gpio.o(.text.HAL_GPIO_EXTI_Callback) for [Anonymous Symbol]
    stm32f1xx_hal_dma.o(.ARM.exidx.text.HAL_DMA_Init) refers to stm32f1xx_hal_dma.o(.text.HAL_DMA_Init) for [Anonymous Symbol]
    stm32f1xx_hal_dma.o(.ARM.exidx.text.HAL_DMA_DeInit) refers to stm32f1xx_hal_dma.o(.text.HAL_DMA_DeInit) for [Anonymous Symbol]
    stm32f1xx_hal_dma.o(.ARM.exidx.text.HAL_DMA_Start) refers to stm32f1xx_hal_dma.o(.text.HAL_DMA_Start) for [Anonymous Symbol]
    stm32f1xx_hal_dma.o(.ARM.exidx.text.HAL_DMA_Start_IT) refers to stm32f1xx_hal_dma.o(.text.HAL_DMA_Start_IT) for [Anonymous Symbol]
    stm32f1xx_hal_dma.o(.ARM.exidx.text.HAL_DMA_Abort) refers to stm32f1xx_hal_dma.o(.text.HAL_DMA_Abort) for [Anonymous Symbol]
    stm32f1xx_hal_dma.o(.ARM.exidx.text.HAL_DMA_Abort_IT) refers to stm32f1xx_hal_dma.o(.text.HAL_DMA_Abort_IT) for [Anonymous Symbol]
    stm32f1xx_hal_dma.o(.text.HAL_DMA_PollForTransfer) refers to stm32f1xx_hal.o(.text.HAL_GetTick) for HAL_GetTick
    stm32f1xx_hal_dma.o(.ARM.exidx.text.HAL_DMA_PollForTransfer) refers to stm32f1xx_hal_dma.o(.text.HAL_DMA_PollForTransfer) for [Anonymous Symbol]
    stm32f1xx_hal_dma.o(.ARM.exidx.text.HAL_DMA_IRQHandler) refers to stm32f1xx_hal_dma.o(.text.HAL_DMA_IRQHandler) for [Anonymous Symbol]
    stm32f1xx_hal_dma.o(.ARM.exidx.text.HAL_DMA_RegisterCallback) refers to stm32f1xx_hal_dma.o(.text.HAL_DMA_RegisterCallback) for [Anonymous Symbol]
    stm32f1xx_hal_dma.o(.ARM.exidx.text.HAL_DMA_UnRegisterCallback) refers to stm32f1xx_hal_dma.o(.text.HAL_DMA_UnRegisterCallback) for [Anonymous Symbol]
    stm32f1xx_hal_dma.o(.ARM.exidx.text.HAL_DMA_GetState) refers to stm32f1xx_hal_dma.o(.text.HAL_DMA_GetState) for [Anonymous Symbol]
    stm32f1xx_hal_dma.o(.ARM.exidx.text.HAL_DMA_GetError) refers to stm32f1xx_hal_dma.o(.text.HAL_DMA_GetError) for [Anonymous Symbol]
    stm32f1xx_hal_cortex.o(.ARM.exidx.text.HAL_NVIC_SetPriorityGrouping) refers to stm32f1xx_hal_cortex.o(.text.HAL_NVIC_SetPriorityGrouping) for [Anonymous Symbol]
    stm32f1xx_hal_cortex.o(.ARM.exidx.text.HAL_NVIC_SetPriority) refers to stm32f1xx_hal_cortex.o(.text.HAL_NVIC_SetPriority) for [Anonymous Symbol]
    stm32f1xx_hal_cortex.o(.ARM.exidx.text.HAL_NVIC_EnableIRQ) refers to stm32f1xx_hal_cortex.o(.text.HAL_NVIC_EnableIRQ) for [Anonymous Symbol]
    stm32f1xx_hal_cortex.o(.ARM.exidx.text.HAL_NVIC_DisableIRQ) refers to stm32f1xx_hal_cortex.o(.text.HAL_NVIC_DisableIRQ) for [Anonymous Symbol]
    stm32f1xx_hal_cortex.o(.text.HAL_NVIC_SystemReset) refers to stm32f1xx_hal_cortex.o(.text.__NVIC_SystemReset) for __NVIC_SystemReset
    stm32f1xx_hal_cortex.o(.ARM.exidx.text.HAL_NVIC_SystemReset) refers to stm32f1xx_hal_cortex.o(.text.HAL_NVIC_SystemReset) for [Anonymous Symbol]
    stm32f1xx_hal_cortex.o(.ARM.exidx.text.__NVIC_SystemReset) refers to stm32f1xx_hal_cortex.o(.text.__NVIC_SystemReset) for [Anonymous Symbol]
    stm32f1xx_hal_cortex.o(.ARM.exidx.text.HAL_SYSTICK_Config) refers to stm32f1xx_hal_cortex.o(.text.HAL_SYSTICK_Config) for [Anonymous Symbol]
    stm32f1xx_hal_cortex.o(.ARM.exidx.text.HAL_NVIC_GetPriorityGrouping) refers to stm32f1xx_hal_cortex.o(.text.HAL_NVIC_GetPriorityGrouping) for [Anonymous Symbol]
    stm32f1xx_hal_cortex.o(.ARM.exidx.text.HAL_NVIC_GetPriority) refers to stm32f1xx_hal_cortex.o(.text.HAL_NVIC_GetPriority) for [Anonymous Symbol]
    stm32f1xx_hal_cortex.o(.ARM.exidx.text.HAL_NVIC_SetPendingIRQ) refers to stm32f1xx_hal_cortex.o(.text.HAL_NVIC_SetPendingIRQ) for [Anonymous Symbol]
    stm32f1xx_hal_cortex.o(.ARM.exidx.text.HAL_NVIC_GetPendingIRQ) refers to stm32f1xx_hal_cortex.o(.text.HAL_NVIC_GetPendingIRQ) for [Anonymous Symbol]
    stm32f1xx_hal_cortex.o(.ARM.exidx.text.HAL_NVIC_ClearPendingIRQ) refers to stm32f1xx_hal_cortex.o(.text.HAL_NVIC_ClearPendingIRQ) for [Anonymous Symbol]
    stm32f1xx_hal_cortex.o(.ARM.exidx.text.HAL_NVIC_GetActive) refers to stm32f1xx_hal_cortex.o(.text.HAL_NVIC_GetActive) for [Anonymous Symbol]
    stm32f1xx_hal_cortex.o(.ARM.exidx.text.HAL_SYSTICK_CLKSourceConfig) refers to stm32f1xx_hal_cortex.o(.text.HAL_SYSTICK_CLKSourceConfig) for [Anonymous Symbol]
    stm32f1xx_hal_cortex.o(.text.HAL_SYSTICK_IRQHandler) refers to stm32f1xx_hal_cortex.o(.text.HAL_SYSTICK_Callback) for HAL_SYSTICK_Callback
    stm32f1xx_hal_cortex.o(.ARM.exidx.text.HAL_SYSTICK_IRQHandler) refers to stm32f1xx_hal_cortex.o(.text.HAL_SYSTICK_IRQHandler) for [Anonymous Symbol]
    stm32f1xx_hal_cortex.o(.ARM.exidx.text.HAL_SYSTICK_Callback) refers to stm32f1xx_hal_cortex.o(.text.HAL_SYSTICK_Callback) for [Anonymous Symbol]
    stm32f1xx_hal_pwr.o(.ARM.exidx.text.HAL_PWR_DeInit) refers to stm32f1xx_hal_pwr.o(.text.HAL_PWR_DeInit) for [Anonymous Symbol]
    stm32f1xx_hal_pwr.o(.ARM.exidx.text.HAL_PWR_EnableBkUpAccess) refers to stm32f1xx_hal_pwr.o(.text.HAL_PWR_EnableBkUpAccess) for [Anonymous Symbol]
    stm32f1xx_hal_pwr.o(.ARM.exidx.text.HAL_PWR_DisableBkUpAccess) refers to stm32f1xx_hal_pwr.o(.text.HAL_PWR_DisableBkUpAccess) for [Anonymous Symbol]
    stm32f1xx_hal_pwr.o(.ARM.exidx.text.HAL_PWR_ConfigPVD) refers to stm32f1xx_hal_pwr.o(.text.HAL_PWR_ConfigPVD) for [Anonymous Symbol]
    stm32f1xx_hal_pwr.o(.ARM.exidx.text.HAL_PWR_EnablePVD) refers to stm32f1xx_hal_pwr.o(.text.HAL_PWR_EnablePVD) for [Anonymous Symbol]
    stm32f1xx_hal_pwr.o(.ARM.exidx.text.HAL_PWR_DisablePVD) refers to stm32f1xx_hal_pwr.o(.text.HAL_PWR_DisablePVD) for [Anonymous Symbol]
    stm32f1xx_hal_pwr.o(.ARM.exidx.text.HAL_PWR_EnableWakeUpPin) refers to stm32f1xx_hal_pwr.o(.text.HAL_PWR_EnableWakeUpPin) for [Anonymous Symbol]
    stm32f1xx_hal_pwr.o(.ARM.exidx.text.HAL_PWR_DisableWakeUpPin) refers to stm32f1xx_hal_pwr.o(.text.HAL_PWR_DisableWakeUpPin) for [Anonymous Symbol]
    stm32f1xx_hal_pwr.o(.ARM.exidx.text.HAL_PWR_EnterSLEEPMode) refers to stm32f1xx_hal_pwr.o(.text.HAL_PWR_EnterSLEEPMode) for [Anonymous Symbol]
    stm32f1xx_hal_pwr.o(.text.HAL_PWR_EnterSTOPMode) refers to stm32f1xx_hal_pwr.o(.text.PWR_OverloadWfe) for PWR_OverloadWfe
    stm32f1xx_hal_pwr.o(.ARM.exidx.text.HAL_PWR_EnterSTOPMode) refers to stm32f1xx_hal_pwr.o(.text.HAL_PWR_EnterSTOPMode) for [Anonymous Symbol]
    stm32f1xx_hal_pwr.o(.ARM.exidx.text.PWR_OverloadWfe) refers to stm32f1xx_hal_pwr.o(.text.PWR_OverloadWfe) for [Anonymous Symbol]
    stm32f1xx_hal_pwr.o(.ARM.exidx.text.HAL_PWR_EnterSTANDBYMode) refers to stm32f1xx_hal_pwr.o(.text.HAL_PWR_EnterSTANDBYMode) for [Anonymous Symbol]
    stm32f1xx_hal_pwr.o(.ARM.exidx.text.HAL_PWR_EnableSleepOnExit) refers to stm32f1xx_hal_pwr.o(.text.HAL_PWR_EnableSleepOnExit) for [Anonymous Symbol]
    stm32f1xx_hal_pwr.o(.ARM.exidx.text.HAL_PWR_DisableSleepOnExit) refers to stm32f1xx_hal_pwr.o(.text.HAL_PWR_DisableSleepOnExit) for [Anonymous Symbol]
    stm32f1xx_hal_pwr.o(.ARM.exidx.text.HAL_PWR_EnableSEVOnPend) refers to stm32f1xx_hal_pwr.o(.text.HAL_PWR_EnableSEVOnPend) for [Anonymous Symbol]
    stm32f1xx_hal_pwr.o(.ARM.exidx.text.HAL_PWR_DisableSEVOnPend) refers to stm32f1xx_hal_pwr.o(.text.HAL_PWR_DisableSEVOnPend) for [Anonymous Symbol]
    stm32f1xx_hal_pwr.o(.text.HAL_PWR_PVD_IRQHandler) refers to stm32f1xx_hal_pwr.o(.text.HAL_PWR_PVDCallback) for HAL_PWR_PVDCallback
    stm32f1xx_hal_pwr.o(.ARM.exidx.text.HAL_PWR_PVD_IRQHandler) refers to stm32f1xx_hal_pwr.o(.text.HAL_PWR_PVD_IRQHandler) for [Anonymous Symbol]
    stm32f1xx_hal_pwr.o(.ARM.exidx.text.HAL_PWR_PVDCallback) refers to stm32f1xx_hal_pwr.o(.text.HAL_PWR_PVDCallback) for [Anonymous Symbol]
    stm32f1xx_hal_flash.o(.text.HAL_FLASH_Program) refers to stm32f1xx_hal_flash.o(.bss.pFlash) for pFlash
    stm32f1xx_hal_flash.o(.text.HAL_FLASH_Program) refers to stm32f1xx_hal_flash.o(.text.FLASH_WaitForLastOperation) for FLASH_WaitForLastOperation
    stm32f1xx_hal_flash.o(.ARM.exidx.text.HAL_FLASH_Program) refers to stm32f1xx_hal_flash.o(.text.HAL_FLASH_Program) for [Anonymous Symbol]
    stm32f1xx_hal_flash.o(.text.FLASH_WaitForLastOperation) refers to stm32f1xx_hal.o(.text.HAL_GetTick) for HAL_GetTick
    stm32f1xx_hal_flash.o(.text.FLASH_WaitForLastOperation) refers to stm32f1xx_hal_flash.o(.bss.pFlash) for pFlash
    stm32f1xx_hal_flash.o(.ARM.exidx.text.FLASH_WaitForLastOperation) refers to stm32f1xx_hal_flash.o(.text.FLASH_WaitForLastOperation) for [Anonymous Symbol]
    stm32f1xx_hal_flash.o(.text.HAL_FLASH_Program_IT) refers to stm32f1xx_hal_flash.o(.bss.pFlash) for pFlash
    stm32f1xx_hal_flash.o(.ARM.exidx.text.HAL_FLASH_Program_IT) refers to stm32f1xx_hal_flash.o(.text.HAL_FLASH_Program_IT) for [Anonymous Symbol]
    stm32f1xx_hal_flash.o(.text.HAL_FLASH_IRQHandler) refers to stm32f1xx_hal_flash.o(.bss.pFlash) for pFlash
    stm32f1xx_hal_flash.o(.text.HAL_FLASH_IRQHandler) refers to stm32f1xx_hal_flash.o(.text.HAL_FLASH_OperationErrorCallback) for HAL_FLASH_OperationErrorCallback
    stm32f1xx_hal_flash.o(.text.HAL_FLASH_IRQHandler) refers to stm32f1xx_hal_flash.o(.text.HAL_FLASH_EndOfOperationCallback) for HAL_FLASH_EndOfOperationCallback
    stm32f1xx_hal_flash.o(.text.HAL_FLASH_IRQHandler) refers to stm32f1xx_hal_flash_ex.o(.text.FLASH_PageErase) for FLASH_PageErase
    stm32f1xx_hal_flash.o(.ARM.exidx.text.HAL_FLASH_IRQHandler) refers to stm32f1xx_hal_flash.o(.text.HAL_FLASH_IRQHandler) for [Anonymous Symbol]
    stm32f1xx_hal_flash.o(.ARM.exidx.text.HAL_FLASH_OperationErrorCallback) refers to stm32f1xx_hal_flash.o(.text.HAL_FLASH_OperationErrorCallback) for [Anonymous Symbol]
    stm32f1xx_hal_flash.o(.ARM.exidx.text.HAL_FLASH_EndOfOperationCallback) refers to stm32f1xx_hal_flash.o(.text.HAL_FLASH_EndOfOperationCallback) for [Anonymous Symbol]
    stm32f1xx_hal_flash.o(.ARM.exidx.text.HAL_FLASH_Unlock) refers to stm32f1xx_hal_flash.o(.text.HAL_FLASH_Unlock) for [Anonymous Symbol]
    stm32f1xx_hal_flash.o(.ARM.exidx.text.HAL_FLASH_Lock) refers to stm32f1xx_hal_flash.o(.text.HAL_FLASH_Lock) for [Anonymous Symbol]
    stm32f1xx_hal_flash.o(.ARM.exidx.text.HAL_FLASH_OB_Unlock) refers to stm32f1xx_hal_flash.o(.text.HAL_FLASH_OB_Unlock) for [Anonymous Symbol]
    stm32f1xx_hal_flash.o(.ARM.exidx.text.HAL_FLASH_OB_Lock) refers to stm32f1xx_hal_flash.o(.text.HAL_FLASH_OB_Lock) for [Anonymous Symbol]
    stm32f1xx_hal_flash.o(.text.HAL_FLASH_OB_Launch) refers to stm32f1xx_hal_cortex.o(.text.HAL_NVIC_SystemReset) for HAL_NVIC_SystemReset
    stm32f1xx_hal_flash.o(.ARM.exidx.text.HAL_FLASH_OB_Launch) refers to stm32f1xx_hal_flash.o(.text.HAL_FLASH_OB_Launch) for [Anonymous Symbol]
    stm32f1xx_hal_flash.o(.text.HAL_FLASH_GetError) refers to stm32f1xx_hal_flash.o(.bss.pFlash) for pFlash
    stm32f1xx_hal_flash.o(.ARM.exidx.text.HAL_FLASH_GetError) refers to stm32f1xx_hal_flash.o(.text.HAL_FLASH_GetError) for [Anonymous Symbol]
    stm32f1xx_hal_flash_ex.o(.text.HAL_FLASHEx_Erase) refers to stm32f1xx_hal_flash.o(.bss.pFlash) for pFlash
    stm32f1xx_hal_flash_ex.o(.text.HAL_FLASHEx_Erase) refers to stm32f1xx_hal_flash.o(.text.FLASH_WaitForLastOperation) for FLASH_WaitForLastOperation
    stm32f1xx_hal_flash_ex.o(.ARM.exidx.text.HAL_FLASHEx_Erase) refers to stm32f1xx_hal_flash_ex.o(.text.HAL_FLASHEx_Erase) for [Anonymous Symbol]
    stm32f1xx_hal_flash_ex.o(.text.FLASH_PageErase) refers to stm32f1xx_hal_flash.o(.bss.pFlash) for pFlash
    stm32f1xx_hal_flash_ex.o(.ARM.exidx.text.FLASH_PageErase) refers to stm32f1xx_hal_flash_ex.o(.text.FLASH_PageErase) for [Anonymous Symbol]
    stm32f1xx_hal_flash_ex.o(.text.HAL_FLASHEx_Erase_IT) refers to stm32f1xx_hal_flash.o(.bss.pFlash) for pFlash
    stm32f1xx_hal_flash_ex.o(.ARM.exidx.text.HAL_FLASHEx_Erase_IT) refers to stm32f1xx_hal_flash_ex.o(.text.HAL_FLASHEx_Erase_IT) for [Anonymous Symbol]
    stm32f1xx_hal_flash_ex.o(.text.HAL_FLASHEx_OBErase) refers to stm32f1xx_hal_flash.o(.text.FLASH_WaitForLastOperation) for FLASH_WaitForLastOperation
    stm32f1xx_hal_flash_ex.o(.text.HAL_FLASHEx_OBErase) refers to stm32f1xx_hal_flash.o(.bss.pFlash) for pFlash
    stm32f1xx_hal_flash_ex.o(.ARM.exidx.text.HAL_FLASHEx_OBErase) refers to stm32f1xx_hal_flash_ex.o(.text.HAL_FLASHEx_OBErase) for [Anonymous Symbol]
    stm32f1xx_hal_flash_ex.o(.text.HAL_FLASHEx_OBProgram) refers to stm32f1xx_hal_flash.o(.bss.pFlash) for pFlash
    stm32f1xx_hal_flash_ex.o(.text.HAL_FLASHEx_OBProgram) refers to stm32f1xx_hal_flash.o(.text.FLASH_WaitForLastOperation) for FLASH_WaitForLastOperation
    stm32f1xx_hal_flash_ex.o(.text.HAL_FLASHEx_OBProgram) refers to stm32f1xx_hal_flash_ex.o(.text.HAL_FLASHEx_OBErase) for HAL_FLASHEx_OBErase
    stm32f1xx_hal_flash_ex.o(.ARM.exidx.text.HAL_FLASHEx_OBProgram) refers to stm32f1xx_hal_flash_ex.o(.text.HAL_FLASHEx_OBProgram) for [Anonymous Symbol]
    stm32f1xx_hal_flash_ex.o(.ARM.exidx.text.HAL_FLASHEx_OBGetConfig) refers to stm32f1xx_hal_flash_ex.o(.text.HAL_FLASHEx_OBGetConfig) for [Anonymous Symbol]
    stm32f1xx_hal_flash_ex.o(.ARM.exidx.text.HAL_FLASHEx_OBGetUserData) refers to stm32f1xx_hal_flash_ex.o(.text.HAL_FLASHEx_OBGetUserData) for [Anonymous Symbol]
    stm32f1xx_hal_exti.o(.ARM.exidx.text.HAL_EXTI_SetConfigLine) refers to stm32f1xx_hal_exti.o(.text.HAL_EXTI_SetConfigLine) for [Anonymous Symbol]
    stm32f1xx_hal_exti.o(.ARM.exidx.text.HAL_EXTI_GetConfigLine) refers to stm32f1xx_hal_exti.o(.text.HAL_EXTI_GetConfigLine) for [Anonymous Symbol]
    stm32f1xx_hal_exti.o(.ARM.exidx.text.HAL_EXTI_ClearConfigLine) refers to stm32f1xx_hal_exti.o(.text.HAL_EXTI_ClearConfigLine) for [Anonymous Symbol]
    stm32f1xx_hal_exti.o(.ARM.exidx.text.HAL_EXTI_RegisterCallback) refers to stm32f1xx_hal_exti.o(.text.HAL_EXTI_RegisterCallback) for [Anonymous Symbol]
    stm32f1xx_hal_exti.o(.ARM.exidx.text.HAL_EXTI_GetHandle) refers to stm32f1xx_hal_exti.o(.text.HAL_EXTI_GetHandle) for [Anonymous Symbol]
    stm32f1xx_hal_exti.o(.ARM.exidx.text.HAL_EXTI_IRQHandler) refers to stm32f1xx_hal_exti.o(.text.HAL_EXTI_IRQHandler) for [Anonymous Symbol]
    stm32f1xx_hal_exti.o(.ARM.exidx.text.HAL_EXTI_GetPending) refers to stm32f1xx_hal_exti.o(.text.HAL_EXTI_GetPending) for [Anonymous Symbol]
    stm32f1xx_hal_exti.o(.ARM.exidx.text.HAL_EXTI_ClearPending) refers to stm32f1xx_hal_exti.o(.text.HAL_EXTI_ClearPending) for [Anonymous Symbol]
    stm32f1xx_hal_exti.o(.ARM.exidx.text.HAL_EXTI_GenerateSWI) refers to stm32f1xx_hal_exti.o(.text.HAL_EXTI_GenerateSWI) for [Anonymous Symbol]
    system_stm32f1xx.o(.ARM.exidx.text.SystemInit) refers to system_stm32f1xx.o(.text.SystemInit) for [Anonymous Symbol]
    system_stm32f1xx.o(.text.SystemCoreClockUpdate) refers to system_stm32f1xx.o(.data.SystemCoreClock) for SystemCoreClock
    system_stm32f1xx.o(.text.SystemCoreClockUpdate) refers to system_stm32f1xx.o(.rodata.AHBPrescTable) for AHBPrescTable
    system_stm32f1xx.o(.ARM.exidx.text.SystemCoreClockUpdate) refers to system_stm32f1xx.o(.text.SystemCoreClockUpdate) for [Anonymous Symbol]
    entry.o(.ARM.Collect$$$$00000000) refers (Special) to entry10a.o(.ARM.Collect$$$$0000000D) for __rt_final_cpp
    entry.o(.ARM.Collect$$$$00000000) refers (Special) to entry11a.o(.ARM.Collect$$$$0000000F) for __rt_final_exit
    entry.o(.ARM.Collect$$$$00000000) refers (Special) to entry7b.o(.ARM.Collect$$$$00000008) for _main_clock
    entry.o(.ARM.Collect$$$$00000000) refers (Special) to entry8b.o(.ARM.Collect$$$$0000000A) for _main_cpp_init
    entry.o(.ARM.Collect$$$$00000000) refers (Special) to entry9a.o(.ARM.Collect$$$$0000000B) for _main_init
    entry.o(.ARM.Collect$$$$00000000) refers (Special) to entry5.o(.ARM.Collect$$$$00000004) for _main_scatterload
    entry.o(.ARM.Collect$$$$00000000) refers (Special) to entry2.o(.ARM.Collect$$$$00000001) for _main_stk
    puts.o(i.puts) refers to usart.o(.text.fputc) for fputc
    puts.o(i.puts) refers to stdout.o(.data) for __stdout
    puts_e.o(.text) refers to usart.o(.text.fputc) for fputc
    puts_e.o(.text) refers to stdout.o(.data) for __stdout
    entry2.o(.ARM.Collect$$$$00000001) refers to entry2.o(.ARM.Collect$$$$00002712) for __lit__00000000
    entry2.o(.ARM.Collect$$$$00002712) refers to startup_stm32f103xb.o(STACK) for __initial_sp
    entry2.o(__vectab_stack_and_reset_area) refers to startup_stm32f103xb.o(STACK) for __initial_sp
    entry2.o(__vectab_stack_and_reset_area) refers to entry.o(.ARM.Collect$$$$00000000) for __main
    entry5.o(.ARM.Collect$$$$00000004) refers to init.o(.text) for __scatterload
    entry9a.o(.ARM.Collect$$$$0000000B) refers to main.o(.text.main) for main
    entry9b.o(.ARM.Collect$$$$0000000C) refers to main.o(.text.main) for main
    init.o(.text) refers to entry5.o(.ARM.Collect$$$$00000004) for __main_after_scatterload


==============================================================================

Removing Unused input sections from the image.

    Removing startup_stm32f103xb.o(HEAP), (512 bytes).
    Removing main.o(.text), (0 bytes).
    Removing main.o(.ARM.exidx.text.main), (8 bytes).
    Removing main.o(.text.SystemClock_Config), (100 bytes).
    Removing main.o(.ARM.exidx.text.SystemClock_Config), (8 bytes).
    Removing main.o(.ARM.exidx.text.Error_Handler), (8 bytes).
    Removing main.o(.ARM.use_no_argv), (4 bytes).
    Removing gpio.o(.text), (0 bytes).
    Removing gpio.o(.ARM.exidx.text.MX_GPIO_Init), (8 bytes).
    Removing usart.o(.text), (0 bytes).
    Removing usart.o(.ARM.exidx.text.MX_USART1_UART_Init), (8 bytes).
    Removing usart.o(.ARM.exidx.text.HAL_UART_MspInit), (8 bytes).
    Removing usart.o(.text.HAL_UART_MspDeInit), (58 bytes).
    Removing usart.o(.ARM.exidx.text.HAL_UART_MspDeInit), (8 bytes).
    Removing usart.o(.ARM.exidx.text.fputc), (8 bytes).
    Removing usart.o(.text.fgetc), (40 bytes).
    Removing usart.o(.ARM.exidx.text.fgetc), (8 bytes).
    Removing stm32f1xx_it.o(.text), (0 bytes).
    Removing stm32f1xx_it.o(.ARM.exidx.text.NMI_Handler), (8 bytes).
    Removing stm32f1xx_it.o(.ARM.exidx.text.HardFault_Handler), (8 bytes).
    Removing stm32f1xx_it.o(.ARM.exidx.text.MemManage_Handler), (8 bytes).
    Removing stm32f1xx_it.o(.ARM.exidx.text.BusFault_Handler), (8 bytes).
    Removing stm32f1xx_it.o(.ARM.exidx.text.UsageFault_Handler), (8 bytes).
    Removing stm32f1xx_it.o(.ARM.exidx.text.SVC_Handler), (8 bytes).
    Removing stm32f1xx_it.o(.ARM.exidx.text.DebugMon_Handler), (8 bytes).
    Removing stm32f1xx_it.o(.ARM.exidx.text.PendSV_Handler), (8 bytes).
    Removing stm32f1xx_it.o(.ARM.exidx.text.SysTick_Handler), (8 bytes).
    Removing stm32f1xx_it.o(.ARM.exidx.text.USART1_IRQHandler), (8 bytes).
    Removing stm32f1xx_hal_msp.o(.text), (0 bytes).
    Removing stm32f1xx_hal_msp.o(.ARM.exidx.text.HAL_MspInit), (8 bytes).
    Removing stm32f1xx_hal_gpio_ex.o(.text), (0 bytes).
    Removing stm32f1xx_hal_gpio_ex.o(.text.HAL_GPIOEx_ConfigEventout), (20 bytes).
    Removing stm32f1xx_hal_gpio_ex.o(.ARM.exidx.text.HAL_GPIOEx_ConfigEventout), (8 bytes).
    Removing stm32f1xx_hal_gpio_ex.o(.text.HAL_GPIOEx_EnableEventout), (16 bytes).
    Removing stm32f1xx_hal_gpio_ex.o(.ARM.exidx.text.HAL_GPIOEx_EnableEventout), (8 bytes).
    Removing stm32f1xx_hal_gpio_ex.o(.text.HAL_GPIOEx_DisableEventout), (16 bytes).
    Removing stm32f1xx_hal_gpio_ex.o(.ARM.exidx.text.HAL_GPIOEx_DisableEventout), (8 bytes).
    Removing stm32f1xx_hal_uart.o(.text), (0 bytes).
    Removing stm32f1xx_hal_uart.o(.ARM.exidx.text.HAL_UART_Init), (8 bytes).
    Removing stm32f1xx_hal_uart.o(.text.HAL_UART_MspInit), (2 bytes).
    Removing stm32f1xx_hal_uart.o(.ARM.exidx.text.HAL_UART_MspInit), (8 bytes).
    Removing stm32f1xx_hal_uart.o(.text.HAL_HalfDuplex_Init), (234 bytes).
    Removing stm32f1xx_hal_uart.o(.ARM.exidx.text.HAL_HalfDuplex_Init), (8 bytes).
    Removing stm32f1xx_hal_uart.o(.text.HAL_LIN_Init), (248 bytes).
    Removing stm32f1xx_hal_uart.o(.ARM.exidx.text.HAL_LIN_Init), (8 bytes).
    Removing stm32f1xx_hal_uart.o(.text.HAL_MultiProcessor_Init), (260 bytes).
    Removing stm32f1xx_hal_uart.o(.ARM.exidx.text.HAL_MultiProcessor_Init), (8 bytes).
    Removing stm32f1xx_hal_uart.o(.text.HAL_UART_DeInit), (54 bytes).
    Removing stm32f1xx_hal_uart.o(.ARM.exidx.text.HAL_UART_DeInit), (8 bytes).
    Removing stm32f1xx_hal_uart.o(.text.HAL_UART_MspDeInit), (2 bytes).
    Removing stm32f1xx_hal_uart.o(.ARM.exidx.text.HAL_UART_MspDeInit), (8 bytes).
    Removing stm32f1xx_hal_uart.o(.ARM.exidx.text.HAL_UART_Transmit), (8 bytes).
    Removing stm32f1xx_hal_uart.o(.text.HAL_UART_Receive), (558 bytes).
    Removing stm32f1xx_hal_uart.o(.ARM.exidx.text.HAL_UART_Receive), (8 bytes).
    Removing stm32f1xx_hal_uart.o(.text.HAL_UART_Transmit_IT), (62 bytes).
    Removing stm32f1xx_hal_uart.o(.ARM.exidx.text.HAL_UART_Transmit_IT), (8 bytes).
    Removing stm32f1xx_hal_uart.o(.text.HAL_UART_Receive_IT), (84 bytes).
    Removing stm32f1xx_hal_uart.o(.ARM.exidx.text.HAL_UART_Receive_IT), (8 bytes).
    Removing stm32f1xx_hal_uart.o(.text.UART_Start_Receive_IT), (50 bytes).
    Removing stm32f1xx_hal_uart.o(.ARM.exidx.text.UART_Start_Receive_IT), (8 bytes).
    Removing stm32f1xx_hal_uart.o(.text.HAL_UART_Transmit_DMA), (194 bytes).
    Removing stm32f1xx_hal_uart.o(.ARM.exidx.text.HAL_UART_Transmit_DMA), (8 bytes).
    Removing stm32f1xx_hal_uart.o(.text.UART_DMATransmitCplt), (176 bytes).
    Removing stm32f1xx_hal_uart.o(.ARM.exidx.text.UART_DMATransmitCplt), (8 bytes).
    Removing stm32f1xx_hal_uart.o(.text.UART_DMATxHalfCplt), (6 bytes).
    Removing stm32f1xx_hal_uart.o(.ARM.exidx.text.UART_DMATxHalfCplt), (8 bytes).
    Removing stm32f1xx_hal_uart.o(.text.UART_DMAError), (380 bytes).
    Removing stm32f1xx_hal_uart.o(.ARM.exidx.text.UART_DMAError), (8 bytes).
    Removing stm32f1xx_hal_uart.o(.text.HAL_UART_Receive_DMA), (364 bytes).
    Removing stm32f1xx_hal_uart.o(.ARM.exidx.text.HAL_UART_Receive_DMA), (8 bytes).
    Removing stm32f1xx_hal_uart.o(.text.UART_Start_Receive_DMA), (316 bytes).
    Removing stm32f1xx_hal_uart.o(.ARM.exidx.text.UART_Start_Receive_DMA), (8 bytes).
    Removing stm32f1xx_hal_uart.o(.text.HAL_UART_DMAPause), (342 bytes).
    Removing stm32f1xx_hal_uart.o(.ARM.exidx.text.HAL_UART_DMAPause), (8 bytes).
    Removing stm32f1xx_hal_uart.o(.text.HAL_UART_DMAResume), (348 bytes).
    Removing stm32f1xx_hal_uart.o(.ARM.exidx.text.HAL_UART_DMAResume), (8 bytes).
    Removing stm32f1xx_hal_uart.o(.text.HAL_UART_DMAStop), (540 bytes).
    Removing stm32f1xx_hal_uart.o(.ARM.exidx.text.HAL_UART_DMAStop), (8 bytes).
    Removing stm32f1xx_hal_uart.o(.text.HAL_UARTEx_ReceiveToIdle), (478 bytes).
    Removing stm32f1xx_hal_uart.o(.ARM.exidx.text.HAL_UARTEx_ReceiveToIdle), (8 bytes).
    Removing stm32f1xx_hal_uart.o(.text.HAL_UARTEx_ReceiveToIdle_IT), (200 bytes).
    Removing stm32f1xx_hal_uart.o(.ARM.exidx.text.HAL_UARTEx_ReceiveToIdle_IT), (8 bytes).
    Removing stm32f1xx_hal_uart.o(.text.HAL_UARTEx_ReceiveToIdle_DMA), (484 bytes).
    Removing stm32f1xx_hal_uart.o(.ARM.exidx.text.HAL_UARTEx_ReceiveToIdle_DMA), (8 bytes).
    Removing stm32f1xx_hal_uart.o(.text.HAL_UARTEx_GetRxEventType), (4 bytes).
    Removing stm32f1xx_hal_uart.o(.ARM.exidx.text.HAL_UARTEx_GetRxEventType), (8 bytes).
    Removing stm32f1xx_hal_uart.o(.text.HAL_UART_Abort), (482 bytes).
    Removing stm32f1xx_hal_uart.o(.ARM.exidx.text.HAL_UART_Abort), (8 bytes).
    Removing stm32f1xx_hal_uart.o(.text.HAL_UART_AbortTransmit), (208 bytes).
    Removing stm32f1xx_hal_uart.o(.ARM.exidx.text.HAL_UART_AbortTransmit), (8 bytes).
    Removing stm32f1xx_hal_uart.o(.text.HAL_UART_AbortReceive), (366 bytes).
    Removing stm32f1xx_hal_uart.o(.ARM.exidx.text.HAL_UART_AbortReceive), (8 bytes).
    Removing stm32f1xx_hal_uart.o(.text.HAL_UART_Abort_IT), (516 bytes).
    Removing stm32f1xx_hal_uart.o(.ARM.exidx.text.HAL_UART_Abort_IT), (8 bytes).
    Removing stm32f1xx_hal_uart.o(.text.UART_DMATxAbortCallback), (42 bytes).
    Removing stm32f1xx_hal_uart.o(.ARM.exidx.text.UART_DMATxAbortCallback), (8 bytes).
    Removing stm32f1xx_hal_uart.o(.text.UART_DMARxAbortCallback), (42 bytes).
    Removing stm32f1xx_hal_uart.o(.ARM.exidx.text.UART_DMARxAbortCallback), (8 bytes).
    Removing stm32f1xx_hal_uart.o(.text.HAL_UART_AbortCpltCallback), (2 bytes).
    Removing stm32f1xx_hal_uart.o(.ARM.exidx.text.HAL_UART_AbortCpltCallback), (8 bytes).
    Removing stm32f1xx_hal_uart.o(.text.HAL_UART_AbortTransmit_IT), (214 bytes).
    Removing stm32f1xx_hal_uart.o(.ARM.exidx.text.HAL_UART_AbortTransmit_IT), (8 bytes).
    Removing stm32f1xx_hal_uart.o(.text.UART_DMATxOnlyAbortCallback), (16 bytes).
    Removing stm32f1xx_hal_uart.o(.ARM.exidx.text.UART_DMATxOnlyAbortCallback), (8 bytes).
    Removing stm32f1xx_hal_uart.o(.text.HAL_UART_AbortTransmitCpltCallback), (2 bytes).
    Removing stm32f1xx_hal_uart.o(.ARM.exidx.text.HAL_UART_AbortTransmitCpltCallback), (8 bytes).
    Removing stm32f1xx_hal_uart.o(.text.HAL_UART_AbortReceive_IT), (372 bytes).
    Removing stm32f1xx_hal_uart.o(.ARM.exidx.text.HAL_UART_AbortReceive_IT), (8 bytes).
    Removing stm32f1xx_hal_uart.o(.text.UART_DMARxOnlyAbortCallback), (18 bytes).
    Removing stm32f1xx_hal_uart.o(.ARM.exidx.text.UART_DMARxOnlyAbortCallback), (8 bytes).
    Removing stm32f1xx_hal_uart.o(.text.HAL_UART_AbortReceiveCpltCallback), (2 bytes).
    Removing stm32f1xx_hal_uart.o(.ARM.exidx.text.HAL_UART_AbortReceiveCpltCallback), (8 bytes).
    Removing stm32f1xx_hal_uart.o(.ARM.exidx.text.HAL_UART_IRQHandler), (8 bytes).
    Removing stm32f1xx_hal_uart.o(.ARM.exidx.text.UART_Receive_IT), (8 bytes).
    Removing stm32f1xx_hal_uart.o(.ARM.exidx.text.UART_DMAAbortOnError), (8 bytes).
    Removing stm32f1xx_hal_uart.o(.ARM.exidx.text.HAL_UART_ErrorCallback), (8 bytes).
    Removing stm32f1xx_hal_uart.o(.ARM.exidx.text.HAL_UARTEx_RxEventCallback), (8 bytes).
    Removing stm32f1xx_hal_uart.o(.ARM.exidx.text.HAL_UART_TxCpltCallback), (8 bytes).
    Removing stm32f1xx_hal_uart.o(.text.HAL_UART_TxHalfCpltCallback), (2 bytes).
    Removing stm32f1xx_hal_uart.o(.ARM.exidx.text.HAL_UART_TxHalfCpltCallback), (8 bytes).
    Removing stm32f1xx_hal_uart.o(.ARM.exidx.text.HAL_UART_RxCpltCallback), (8 bytes).
    Removing stm32f1xx_hal_uart.o(.text.HAL_UART_RxHalfCpltCallback), (2 bytes).
    Removing stm32f1xx_hal_uart.o(.ARM.exidx.text.HAL_UART_RxHalfCpltCallback), (8 bytes).
    Removing stm32f1xx_hal_uart.o(.text.HAL_LIN_SendBreak), (114 bytes).
    Removing stm32f1xx_hal_uart.o(.ARM.exidx.text.HAL_LIN_SendBreak), (8 bytes).
    Removing stm32f1xx_hal_uart.o(.text.HAL_MultiProcessor_EnterMuteMode), (116 bytes).
    Removing stm32f1xx_hal_uart.o(.ARM.exidx.text.HAL_MultiProcessor_EnterMuteMode), (8 bytes).
    Removing stm32f1xx_hal_uart.o(.text.HAL_MultiProcessor_ExitMuteMode), (116 bytes).
    Removing stm32f1xx_hal_uart.o(.ARM.exidx.text.HAL_MultiProcessor_ExitMuteMode), (8 bytes).
    Removing stm32f1xx_hal_uart.o(.text.HAL_HalfDuplex_EnableTransmitter), (44 bytes).
    Removing stm32f1xx_hal_uart.o(.ARM.exidx.text.HAL_HalfDuplex_EnableTransmitter), (8 bytes).
    Removing stm32f1xx_hal_uart.o(.text.HAL_HalfDuplex_EnableReceiver), (46 bytes).
    Removing stm32f1xx_hal_uart.o(.ARM.exidx.text.HAL_HalfDuplex_EnableReceiver), (8 bytes).
    Removing stm32f1xx_hal_uart.o(.text.HAL_UART_GetState), (14 bytes).
    Removing stm32f1xx_hal_uart.o(.ARM.exidx.text.HAL_UART_GetState), (8 bytes).
    Removing stm32f1xx_hal_uart.o(.text.HAL_UART_GetError), (4 bytes).
    Removing stm32f1xx_hal_uart.o(.ARM.exidx.text.HAL_UART_GetError), (8 bytes).
    Removing stm32f1xx_hal_uart.o(.text.UART_DMAReceiveCplt), (350 bytes).
    Removing stm32f1xx_hal_uart.o(.ARM.exidx.text.UART_DMAReceiveCplt), (8 bytes).
    Removing stm32f1xx_hal_uart.o(.text.UART_DMARxHalfCplt), (24 bytes).
    Removing stm32f1xx_hal_uart.o(.ARM.exidx.text.UART_DMARxHalfCplt), (8 bytes).
    Removing stm32f1xx_hal.o(.text), (0 bytes).
    Removing stm32f1xx_hal.o(.ARM.exidx.text.HAL_Init), (8 bytes).
    Removing stm32f1xx_hal.o(.ARM.exidx.text.HAL_InitTick), (8 bytes).
    Removing stm32f1xx_hal.o(.text.HAL_MspInit), (2 bytes).
    Removing stm32f1xx_hal.o(.ARM.exidx.text.HAL_MspInit), (8 bytes).
    Removing stm32f1xx_hal.o(.text.HAL_DeInit), (32 bytes).
    Removing stm32f1xx_hal.o(.ARM.exidx.text.HAL_DeInit), (8 bytes).
    Removing stm32f1xx_hal.o(.text.HAL_MspDeInit), (2 bytes).
    Removing stm32f1xx_hal.o(.ARM.exidx.text.HAL_MspDeInit), (8 bytes).
    Removing stm32f1xx_hal.o(.ARM.exidx.text.HAL_IncTick), (8 bytes).
    Removing stm32f1xx_hal.o(.ARM.exidx.text.HAL_GetTick), (8 bytes).
    Removing stm32f1xx_hal.o(.text.HAL_GetTickPrio), (12 bytes).
    Removing stm32f1xx_hal.o(.ARM.exidx.text.HAL_GetTickPrio), (8 bytes).
    Removing stm32f1xx_hal.o(.text.HAL_SetTickFreq), (38 bytes).
    Removing stm32f1xx_hal.o(.ARM.exidx.text.HAL_SetTickFreq), (8 bytes).
    Removing stm32f1xx_hal.o(.text.HAL_GetTickFreq), (12 bytes).
    Removing stm32f1xx_hal.o(.ARM.exidx.text.HAL_GetTickFreq), (8 bytes).
    Removing stm32f1xx_hal.o(.ARM.exidx.text.HAL_Delay), (8 bytes).
    Removing stm32f1xx_hal.o(.text.HAL_SuspendTick), (18 bytes).
    Removing stm32f1xx_hal.o(.ARM.exidx.text.HAL_SuspendTick), (8 bytes).
    Removing stm32f1xx_hal.o(.text.HAL_ResumeTick), (18 bytes).
    Removing stm32f1xx_hal.o(.ARM.exidx.text.HAL_ResumeTick), (8 bytes).
    Removing stm32f1xx_hal.o(.text.HAL_GetHalVersion), (10 bytes).
    Removing stm32f1xx_hal.o(.ARM.exidx.text.HAL_GetHalVersion), (8 bytes).
    Removing stm32f1xx_hal.o(.text.HAL_GetREVID), (14 bytes).
    Removing stm32f1xx_hal.o(.ARM.exidx.text.HAL_GetREVID), (8 bytes).
    Removing stm32f1xx_hal.o(.text.HAL_GetDEVID), (16 bytes).
    Removing stm32f1xx_hal.o(.ARM.exidx.text.HAL_GetDEVID), (8 bytes).
    Removing stm32f1xx_hal.o(.text.HAL_GetUIDw0), (12 bytes).
    Removing stm32f1xx_hal.o(.ARM.exidx.text.HAL_GetUIDw0), (8 bytes).
    Removing stm32f1xx_hal.o(.text.HAL_GetUIDw1), (12 bytes).
    Removing stm32f1xx_hal.o(.ARM.exidx.text.HAL_GetUIDw1), (8 bytes).
    Removing stm32f1xx_hal.o(.text.HAL_GetUIDw2), (12 bytes).
    Removing stm32f1xx_hal.o(.ARM.exidx.text.HAL_GetUIDw2), (8 bytes).
    Removing stm32f1xx_hal.o(.text.HAL_DBGMCU_EnableDBGSleepMode), (18 bytes).
    Removing stm32f1xx_hal.o(.ARM.exidx.text.HAL_DBGMCU_EnableDBGSleepMode), (8 bytes).
    Removing stm32f1xx_hal.o(.text.HAL_DBGMCU_DisableDBGSleepMode), (18 bytes).
    Removing stm32f1xx_hal.o(.ARM.exidx.text.HAL_DBGMCU_DisableDBGSleepMode), (8 bytes).
    Removing stm32f1xx_hal.o(.text.HAL_DBGMCU_EnableDBGStopMode), (18 bytes).
    Removing stm32f1xx_hal.o(.ARM.exidx.text.HAL_DBGMCU_EnableDBGStopMode), (8 bytes).
    Removing stm32f1xx_hal.o(.text.HAL_DBGMCU_DisableDBGStopMode), (18 bytes).
    Removing stm32f1xx_hal.o(.ARM.exidx.text.HAL_DBGMCU_DisableDBGStopMode), (8 bytes).
    Removing stm32f1xx_hal.o(.text.HAL_DBGMCU_EnableDBGStandbyMode), (18 bytes).
    Removing stm32f1xx_hal.o(.ARM.exidx.text.HAL_DBGMCU_EnableDBGStandbyMode), (8 bytes).
    Removing stm32f1xx_hal.o(.text.HAL_DBGMCU_DisableDBGStandbyMode), (18 bytes).
    Removing stm32f1xx_hal.o(.ARM.exidx.text.HAL_DBGMCU_DisableDBGStandbyMode), (8 bytes).
    Removing stm32f1xx_hal_rcc.o(.text), (0 bytes).
    Removing stm32f1xx_hal_rcc.o(.text.HAL_RCC_DeInit), (234 bytes).
    Removing stm32f1xx_hal_rcc.o(.ARM.exidx.text.HAL_RCC_DeInit), (8 bytes).
    Removing stm32f1xx_hal_rcc.o(.ARM.exidx.text.HAL_RCC_OscConfig), (8 bytes).
    Removing stm32f1xx_hal_rcc.o(.ARM.exidx.text.HAL_RCC_ClockConfig), (8 bytes).
    Removing stm32f1xx_hal_rcc.o(.text.HAL_RCC_GetSysClockFreq), (86 bytes).
    Removing stm32f1xx_hal_rcc.o(.ARM.exidx.text.HAL_RCC_GetSysClockFreq), (8 bytes).
    Removing stm32f1xx_hal_rcc.o(.text.HAL_RCC_MCOConfig), (82 bytes).
    Removing stm32f1xx_hal_rcc.o(.ARM.exidx.text.HAL_RCC_MCOConfig), (8 bytes).
    Removing stm32f1xx_hal_rcc.o(.text.HAL_RCC_EnableCSS), (12 bytes).
    Removing stm32f1xx_hal_rcc.o(.ARM.exidx.text.HAL_RCC_EnableCSS), (8 bytes).
    Removing stm32f1xx_hal_rcc.o(.text.HAL_RCC_DisableCSS), (12 bytes).
    Removing stm32f1xx_hal_rcc.o(.ARM.exidx.text.HAL_RCC_DisableCSS), (8 bytes).
    Removing stm32f1xx_hal_rcc.o(.text.HAL_RCC_GetHCLKFreq), (12 bytes).
    Removing stm32f1xx_hal_rcc.o(.ARM.exidx.text.HAL_RCC_GetHCLKFreq), (8 bytes).
    Removing stm32f1xx_hal_rcc.o(.ARM.exidx.text.HAL_RCC_GetPCLK1Freq), (8 bytes).
    Removing stm32f1xx_hal_rcc.o(.ARM.exidx.text.HAL_RCC_GetPCLK2Freq), (8 bytes).
    Removing stm32f1xx_hal_rcc.o(.text.HAL_RCC_GetOscConfig), (124 bytes).
    Removing stm32f1xx_hal_rcc.o(.ARM.exidx.text.HAL_RCC_GetOscConfig), (8 bytes).
    Removing stm32f1xx_hal_rcc.o(.text.HAL_RCC_GetClockConfig), (66 bytes).
    Removing stm32f1xx_hal_rcc.o(.ARM.exidx.text.HAL_RCC_GetClockConfig), (8 bytes).
    Removing stm32f1xx_hal_rcc.o(.text.HAL_RCC_NMI_IRQHandler), (28 bytes).
    Removing stm32f1xx_hal_rcc.o(.ARM.exidx.text.HAL_RCC_NMI_IRQHandler), (8 bytes).
    Removing stm32f1xx_hal_rcc.o(.text.HAL_RCC_CSSCallback), (2 bytes).
    Removing stm32f1xx_hal_rcc.o(.ARM.exidx.text.HAL_RCC_CSSCallback), (8 bytes).
    Removing stm32f1xx_hal_rcc_ex.o(.text), (0 bytes).
    Removing stm32f1xx_hal_rcc_ex.o(.text.HAL_RCCEx_PeriphCLKConfig), (258 bytes).
    Removing stm32f1xx_hal_rcc_ex.o(.ARM.exidx.text.HAL_RCCEx_PeriphCLKConfig), (8 bytes).
    Removing stm32f1xx_hal_rcc_ex.o(.text.HAL_RCCEx_GetPeriphCLKConfig), (38 bytes).
    Removing stm32f1xx_hal_rcc_ex.o(.ARM.exidx.text.HAL_RCCEx_GetPeriphCLKConfig), (8 bytes).
    Removing stm32f1xx_hal_rcc_ex.o(.text.HAL_RCCEx_GetPeriphCLKFreq), (248 bytes).
    Removing stm32f1xx_hal_rcc_ex.o(.ARM.exidx.text.HAL_RCCEx_GetPeriphCLKFreq), (8 bytes).
    Removing stm32f1xx_hal_gpio.o(.text), (0 bytes).
    Removing stm32f1xx_hal_gpio.o(.ARM.exidx.text.HAL_GPIO_Init), (8 bytes).
    Removing stm32f1xx_hal_gpio.o(.text.HAL_GPIO_DeInit), (276 bytes).
    Removing stm32f1xx_hal_gpio.o(.ARM.exidx.text.HAL_GPIO_DeInit), (8 bytes).
    Removing stm32f1xx_hal_gpio.o(.text.HAL_GPIO_ReadPin), (10 bytes).
    Removing stm32f1xx_hal_gpio.o(.ARM.exidx.text.HAL_GPIO_ReadPin), (8 bytes).
    Removing stm32f1xx_hal_gpio.o(.ARM.exidx.text.HAL_GPIO_WritePin), (8 bytes).
    Removing stm32f1xx_hal_gpio.o(.ARM.exidx.text.HAL_GPIO_TogglePin), (8 bytes).
    Removing stm32f1xx_hal_gpio.o(.text.HAL_GPIO_LockPin), (44 bytes).
    Removing stm32f1xx_hal_gpio.o(.ARM.exidx.text.HAL_GPIO_LockPin), (8 bytes).
    Removing stm32f1xx_hal_gpio.o(.text.HAL_GPIO_EXTI_IRQHandler), (22 bytes).
    Removing stm32f1xx_hal_gpio.o(.ARM.exidx.text.HAL_GPIO_EXTI_IRQHandler), (8 bytes).
    Removing stm32f1xx_hal_gpio.o(.text.HAL_GPIO_EXTI_Callback), (2 bytes).
    Removing stm32f1xx_hal_gpio.o(.ARM.exidx.text.HAL_GPIO_EXTI_Callback), (8 bytes).
    Removing stm32f1xx_hal_dma.o(.text), (0 bytes).
    Removing stm32f1xx_hal_dma.o(.text.HAL_DMA_Init), (132 bytes).
    Removing stm32f1xx_hal_dma.o(.ARM.exidx.text.HAL_DMA_Init), (8 bytes).
    Removing stm32f1xx_hal_dma.o(.text.HAL_DMA_DeInit), (100 bytes).
    Removing stm32f1xx_hal_dma.o(.ARM.exidx.text.HAL_DMA_DeInit), (8 bytes).
    Removing stm32f1xx_hal_dma.o(.text.HAL_DMA_Start), (116 bytes).
    Removing stm32f1xx_hal_dma.o(.ARM.exidx.text.HAL_DMA_Start), (8 bytes).
    Removing stm32f1xx_hal_dma.o(.text.HAL_DMA_Start_IT), (160 bytes).
    Removing stm32f1xx_hal_dma.o(.ARM.exidx.text.HAL_DMA_Start_IT), (8 bytes).
    Removing stm32f1xx_hal_dma.o(.ARM.exidx.text.HAL_DMA_Abort), (8 bytes).
    Removing stm32f1xx_hal_dma.o(.ARM.exidx.text.HAL_DMA_Abort_IT), (8 bytes).
    Removing stm32f1xx_hal_dma.o(.text.HAL_DMA_PollForTransfer), (1458 bytes).
    Removing stm32f1xx_hal_dma.o(.ARM.exidx.text.HAL_DMA_PollForTransfer), (8 bytes).
    Removing stm32f1xx_hal_dma.o(.text.HAL_DMA_IRQHandler), (416 bytes).
    Removing stm32f1xx_hal_dma.o(.ARM.exidx.text.HAL_DMA_IRQHandler), (8 bytes).
    Removing stm32f1xx_hal_dma.o(.text.HAL_DMA_RegisterCallback), (50 bytes).
    Removing stm32f1xx_hal_dma.o(.ARM.exidx.text.HAL_DMA_RegisterCallback), (8 bytes).
    Removing stm32f1xx_hal_dma.o(.text.HAL_DMA_UnRegisterCallback), (122 bytes).
    Removing stm32f1xx_hal_dma.o(.ARM.exidx.text.HAL_DMA_UnRegisterCallback), (8 bytes).
    Removing stm32f1xx_hal_dma.o(.text.HAL_DMA_GetState), (6 bytes).
    Removing stm32f1xx_hal_dma.o(.ARM.exidx.text.HAL_DMA_GetState), (8 bytes).
    Removing stm32f1xx_hal_dma.o(.text.HAL_DMA_GetError), (4 bytes).
    Removing stm32f1xx_hal_dma.o(.ARM.exidx.text.HAL_DMA_GetError), (8 bytes).
    Removing stm32f1xx_hal_cortex.o(.text), (0 bytes).
    Removing stm32f1xx_hal_cortex.o(.ARM.exidx.text.HAL_NVIC_SetPriorityGrouping), (8 bytes).
    Removing stm32f1xx_hal_cortex.o(.ARM.exidx.text.HAL_NVIC_SetPriority), (8 bytes).
    Removing stm32f1xx_hal_cortex.o(.ARM.exidx.text.HAL_NVIC_EnableIRQ), (8 bytes).
    Removing stm32f1xx_hal_cortex.o(.text.HAL_NVIC_DisableIRQ), (42 bytes).
    Removing stm32f1xx_hal_cortex.o(.ARM.exidx.text.HAL_NVIC_DisableIRQ), (8 bytes).
    Removing stm32f1xx_hal_cortex.o(.text.HAL_NVIC_SystemReset), (4 bytes).
    Removing stm32f1xx_hal_cortex.o(.ARM.exidx.text.HAL_NVIC_SystemReset), (8 bytes).
    Removing stm32f1xx_hal_cortex.o(.text.__NVIC_SystemReset), (42 bytes).
    Removing stm32f1xx_hal_cortex.o(.ARM.exidx.text.__NVIC_SystemReset), (8 bytes).
    Removing stm32f1xx_hal_cortex.o(.ARM.exidx.text.HAL_SYSTICK_Config), (8 bytes).
    Removing stm32f1xx_hal_cortex.o(.text.HAL_NVIC_GetPriorityGrouping), (16 bytes).
    Removing stm32f1xx_hal_cortex.o(.ARM.exidx.text.HAL_NVIC_GetPriorityGrouping), (8 bytes).
    Removing stm32f1xx_hal_cortex.o(.text.HAL_NVIC_GetPriority), (88 bytes).
    Removing stm32f1xx_hal_cortex.o(.ARM.exidx.text.HAL_NVIC_GetPriority), (8 bytes).
    Removing stm32f1xx_hal_cortex.o(.text.HAL_NVIC_SetPendingIRQ), (34 bytes).
    Removing stm32f1xx_hal_cortex.o(.ARM.exidx.text.HAL_NVIC_SetPendingIRQ), (8 bytes).
    Removing stm32f1xx_hal_cortex.o(.text.HAL_NVIC_GetPendingIRQ), (38 bytes).
    Removing stm32f1xx_hal_cortex.o(.ARM.exidx.text.HAL_NVIC_GetPendingIRQ), (8 bytes).
    Removing stm32f1xx_hal_cortex.o(.text.HAL_NVIC_ClearPendingIRQ), (34 bytes).
    Removing stm32f1xx_hal_cortex.o(.ARM.exidx.text.HAL_NVIC_ClearPendingIRQ), (8 bytes).
    Removing stm32f1xx_hal_cortex.o(.text.HAL_NVIC_GetActive), (38 bytes).
    Removing stm32f1xx_hal_cortex.o(.ARM.exidx.text.HAL_NVIC_GetActive), (8 bytes).
    Removing stm32f1xx_hal_cortex.o(.text.HAL_SYSTICK_CLKSourceConfig), (24 bytes).
    Removing stm32f1xx_hal_cortex.o(.ARM.exidx.text.HAL_SYSTICK_CLKSourceConfig), (8 bytes).
    Removing stm32f1xx_hal_cortex.o(.text.HAL_SYSTICK_IRQHandler), (4 bytes).
    Removing stm32f1xx_hal_cortex.o(.ARM.exidx.text.HAL_SYSTICK_IRQHandler), (8 bytes).
    Removing stm32f1xx_hal_cortex.o(.text.HAL_SYSTICK_Callback), (2 bytes).
    Removing stm32f1xx_hal_cortex.o(.ARM.exidx.text.HAL_SYSTICK_Callback), (8 bytes).
    Removing stm32f1xx_hal_pwr.o(.text), (0 bytes).
    Removing stm32f1xx_hal_pwr.o(.text.HAL_PWR_DeInit), (26 bytes).
    Removing stm32f1xx_hal_pwr.o(.ARM.exidx.text.HAL_PWR_DeInit), (8 bytes).
    Removing stm32f1xx_hal_pwr.o(.text.HAL_PWR_EnableBkUpAccess), (12 bytes).
    Removing stm32f1xx_hal_pwr.o(.ARM.exidx.text.HAL_PWR_EnableBkUpAccess), (8 bytes).
    Removing stm32f1xx_hal_pwr.o(.text.HAL_PWR_DisableBkUpAccess), (12 bytes).
    Removing stm32f1xx_hal_pwr.o(.ARM.exidx.text.HAL_PWR_DisableBkUpAccess), (8 bytes).
    Removing stm32f1xx_hal_pwr.o(.text.HAL_PWR_ConfigPVD), (130 bytes).
    Removing stm32f1xx_hal_pwr.o(.ARM.exidx.text.HAL_PWR_ConfigPVD), (8 bytes).
    Removing stm32f1xx_hal_pwr.o(.text.HAL_PWR_EnablePVD), (12 bytes).
    Removing stm32f1xx_hal_pwr.o(.ARM.exidx.text.HAL_PWR_EnablePVD), (8 bytes).
    Removing stm32f1xx_hal_pwr.o(.text.HAL_PWR_DisablePVD), (12 bytes).
    Removing stm32f1xx_hal_pwr.o(.ARM.exidx.text.HAL_PWR_DisablePVD), (8 bytes).
    Removing stm32f1xx_hal_pwr.o(.text.HAL_PWR_EnableWakeUpPin), (22 bytes).
    Removing stm32f1xx_hal_pwr.o(.ARM.exidx.text.HAL_PWR_EnableWakeUpPin), (8 bytes).
    Removing stm32f1xx_hal_pwr.o(.text.HAL_PWR_DisableWakeUpPin), (22 bytes).
    Removing stm32f1xx_hal_pwr.o(.ARM.exidx.text.HAL_PWR_DisableWakeUpPin), (8 bytes).
    Removing stm32f1xx_hal_pwr.o(.text.HAL_PWR_EnterSLEEPMode), (30 bytes).
    Removing stm32f1xx_hal_pwr.o(.ARM.exidx.text.HAL_PWR_EnterSLEEPMode), (8 bytes).
    Removing stm32f1xx_hal_pwr.o(.text.HAL_PWR_EnterSTOPMode), (80 bytes).
    Removing stm32f1xx_hal_pwr.o(.ARM.exidx.text.HAL_PWR_EnterSTOPMode), (8 bytes).
    Removing stm32f1xx_hal_pwr.o(.text.PWR_OverloadWfe), (6 bytes).
    Removing stm32f1xx_hal_pwr.o(.ARM.exidx.text.PWR_OverloadWfe), (8 bytes).
    Removing stm32f1xx_hal_pwr.o(.text.HAL_PWR_EnterSTANDBYMode), (36 bytes).
    Removing stm32f1xx_hal_pwr.o(.ARM.exidx.text.HAL_PWR_EnterSTANDBYMode), (8 bytes).
    Removing stm32f1xx_hal_pwr.o(.text.HAL_PWR_EnableSleepOnExit), (18 bytes).
    Removing stm32f1xx_hal_pwr.o(.ARM.exidx.text.HAL_PWR_EnableSleepOnExit), (8 bytes).
    Removing stm32f1xx_hal_pwr.o(.text.HAL_PWR_DisableSleepOnExit), (18 bytes).
    Removing stm32f1xx_hal_pwr.o(.ARM.exidx.text.HAL_PWR_DisableSleepOnExit), (8 bytes).
    Removing stm32f1xx_hal_pwr.o(.text.HAL_PWR_EnableSEVOnPend), (18 bytes).
    Removing stm32f1xx_hal_pwr.o(.ARM.exidx.text.HAL_PWR_EnableSEVOnPend), (8 bytes).
    Removing stm32f1xx_hal_pwr.o(.text.HAL_PWR_DisableSEVOnPend), (18 bytes).
    Removing stm32f1xx_hal_pwr.o(.ARM.exidx.text.HAL_PWR_DisableSEVOnPend), (8 bytes).
    Removing stm32f1xx_hal_pwr.o(.text.HAL_PWR_PVD_IRQHandler), (30 bytes).
    Removing stm32f1xx_hal_pwr.o(.ARM.exidx.text.HAL_PWR_PVD_IRQHandler), (8 bytes).
    Removing stm32f1xx_hal_pwr.o(.text.HAL_PWR_PVDCallback), (2 bytes).
    Removing stm32f1xx_hal_pwr.o(.ARM.exidx.text.HAL_PWR_PVDCallback), (8 bytes).
    Removing stm32f1xx_hal_flash.o(.text), (0 bytes).
    Removing stm32f1xx_hal_flash.o(.text.HAL_FLASH_Program), (278 bytes).
    Removing stm32f1xx_hal_flash.o(.ARM.exidx.text.HAL_FLASH_Program), (8 bytes).
    Removing stm32f1xx_hal_flash.o(.text.FLASH_WaitForLastOperation), (198 bytes).
    Removing stm32f1xx_hal_flash.o(.ARM.exidx.text.FLASH_WaitForLastOperation), (8 bytes).
    Removing stm32f1xx_hal_flash.o(.text.HAL_FLASH_Program_IT), (92 bytes).
    Removing stm32f1xx_hal_flash.o(.ARM.exidx.text.HAL_FLASH_Program_IT), (8 bytes).
    Removing stm32f1xx_hal_flash.o(.text.HAL_FLASH_IRQHandler), (368 bytes).
    Removing stm32f1xx_hal_flash.o(.ARM.exidx.text.HAL_FLASH_IRQHandler), (8 bytes).
    Removing stm32f1xx_hal_flash.o(.text.HAL_FLASH_OperationErrorCallback), (2 bytes).
    Removing stm32f1xx_hal_flash.o(.ARM.exidx.text.HAL_FLASH_OperationErrorCallback), (8 bytes).
    Removing stm32f1xx_hal_flash.o(.text.HAL_FLASH_EndOfOperationCallback), (2 bytes).
    Removing stm32f1xx_hal_flash.o(.ARM.exidx.text.HAL_FLASH_EndOfOperationCallback), (8 bytes).
    Removing stm32f1xx_hal_flash.o(.text.HAL_FLASH_Unlock), (46 bytes).
    Removing stm32f1xx_hal_flash.o(.ARM.exidx.text.HAL_FLASH_Unlock), (8 bytes).
    Removing stm32f1xx_hal_flash.o(.text.HAL_FLASH_Lock), (20 bytes).
    Removing stm32f1xx_hal_flash.o(.ARM.exidx.text.HAL_FLASH_Lock), (8 bytes).
    Removing stm32f1xx_hal_flash.o(.text.HAL_FLASH_OB_Unlock), (42 bytes).
    Removing stm32f1xx_hal_flash.o(.ARM.exidx.text.HAL_FLASH_OB_Unlock), (8 bytes).
    Removing stm32f1xx_hal_flash.o(.text.HAL_FLASH_OB_Lock), (20 bytes).
    Removing stm32f1xx_hal_flash.o(.ARM.exidx.text.HAL_FLASH_OB_Lock), (8 bytes).
    Removing stm32f1xx_hal_flash.o(.text.HAL_FLASH_OB_Launch), (4 bytes).
    Removing stm32f1xx_hal_flash.o(.ARM.exidx.text.HAL_FLASH_OB_Launch), (8 bytes).
    Removing stm32f1xx_hal_flash.o(.text.HAL_FLASH_GetError), (12 bytes).
    Removing stm32f1xx_hal_flash.o(.ARM.exidx.text.HAL_FLASH_GetError), (8 bytes).
    Removing stm32f1xx_hal_flash.o(.bss.pFlash), (32 bytes).
    Removing stm32f1xx_hal_flash_ex.o(.text), (0 bytes).
    Removing stm32f1xx_hal_flash_ex.o(.text.HAL_FLASHEx_Erase), (238 bytes).
    Removing stm32f1xx_hal_flash_ex.o(.ARM.exidx.text.HAL_FLASHEx_Erase), (8 bytes).
    Removing stm32f1xx_hal_flash_ex.o(.text.FLASH_PageErase), (40 bytes).
    Removing stm32f1xx_hal_flash_ex.o(.ARM.exidx.text.FLASH_PageErase), (8 bytes).
    Removing stm32f1xx_hal_flash_ex.o(.text.HAL_FLASHEx_Erase_IT), (98 bytes).
    Removing stm32f1xx_hal_flash_ex.o(.ARM.exidx.text.HAL_FLASHEx_Erase_IT), (8 bytes).
    Removing stm32f1xx_hal_flash_ex.o(.text.HAL_FLASHEx_OBErase), (172 bytes).
    Removing stm32f1xx_hal_flash_ex.o(.ARM.exidx.text.HAL_FLASHEx_OBErase), (8 bytes).
    Removing stm32f1xx_hal_flash_ex.o(.text.HAL_FLASHEx_OBProgram), (722 bytes).
    Removing stm32f1xx_hal_flash_ex.o(.ARM.exidx.text.HAL_FLASHEx_OBProgram), (8 bytes).
    Removing stm32f1xx_hal_flash_ex.o(.text.HAL_FLASHEx_OBGetConfig), (42 bytes).
    Removing stm32f1xx_hal_flash_ex.o(.ARM.exidx.text.HAL_FLASHEx_OBGetConfig), (8 bytes).
    Removing stm32f1xx_hal_flash_ex.o(.text.HAL_FLASHEx_OBGetUserData), (34 bytes).
    Removing stm32f1xx_hal_flash_ex.o(.ARM.exidx.text.HAL_FLASHEx_OBGetUserData), (8 bytes).
    Removing stm32f1xx_hal_exti.o(.text), (0 bytes).
    Removing stm32f1xx_hal_exti.o(.text.HAL_EXTI_SetConfigLine), (186 bytes).
    Removing stm32f1xx_hal_exti.o(.ARM.exidx.text.HAL_EXTI_SetConfigLine), (8 bytes).
    Removing stm32f1xx_hal_exti.o(.text.HAL_EXTI_GetConfigLine), (148 bytes).
    Removing stm32f1xx_hal_exti.o(.ARM.exidx.text.HAL_EXTI_GetConfigLine), (8 bytes).
    Removing stm32f1xx_hal_exti.o(.text.HAL_EXTI_ClearConfigLine), (140 bytes).
    Removing stm32f1xx_hal_exti.o(.ARM.exidx.text.HAL_EXTI_ClearConfigLine), (8 bytes).
    Removing stm32f1xx_hal_exti.o(.text.HAL_EXTI_RegisterCallback), (12 bytes).
    Removing stm32f1xx_hal_exti.o(.ARM.exidx.text.HAL_EXTI_RegisterCallback), (8 bytes).
    Removing stm32f1xx_hal_exti.o(.text.HAL_EXTI_GetHandle), (12 bytes).
    Removing stm32f1xx_hal_exti.o(.ARM.exidx.text.HAL_EXTI_GetHandle), (8 bytes).
    Removing stm32f1xx_hal_exti.o(.text.HAL_EXTI_IRQHandler), (42 bytes).
    Removing stm32f1xx_hal_exti.o(.ARM.exidx.text.HAL_EXTI_IRQHandler), (8 bytes).
    Removing stm32f1xx_hal_exti.o(.text.HAL_EXTI_GetPending), (26 bytes).
    Removing stm32f1xx_hal_exti.o(.ARM.exidx.text.HAL_EXTI_GetPending), (8 bytes).
    Removing stm32f1xx_hal_exti.o(.text.HAL_EXTI_ClearPending), (24 bytes).
    Removing stm32f1xx_hal_exti.o(.ARM.exidx.text.HAL_EXTI_ClearPending), (8 bytes).
    Removing stm32f1xx_hal_exti.o(.text.HAL_EXTI_GenerateSWI), (24 bytes).
    Removing stm32f1xx_hal_exti.o(.ARM.exidx.text.HAL_EXTI_GenerateSWI), (8 bytes).
    Removing system_stm32f1xx.o(.text), (0 bytes).
    Removing system_stm32f1xx.o(.ARM.exidx.text.SystemInit), (8 bytes).
    Removing system_stm32f1xx.o(.text.SystemCoreClockUpdate), (92 bytes).
    Removing system_stm32f1xx.o(.ARM.exidx.text.SystemCoreClockUpdate), (8 bytes).

386 unused section(s) (total 19382 bytes) removed from the image.

==============================================================================

Image Symbol Table

    Local Symbols

    Symbol Name                              Value     Ov Type        Size  Object(Section)

    ../clib/microlib/init/entry.s            0x00000000   Number         0  entry.o ABSOLUTE
    ../clib/microlib/init/entry.s            0x00000000   Number         0  entry2.o ABSOLUTE
    ../clib/microlib/init/entry.s            0x00000000   Number         0  entry5.o ABSOLUTE
    ../clib/microlib/init/entry.s            0x00000000   Number         0  entry7a.o ABSOLUTE
    ../clib/microlib/init/entry.s            0x00000000   Number         0  entry7b.o ABSOLUTE
    ../clib/microlib/init/entry.s            0x00000000   Number         0  entry8a.o ABSOLUTE
    ../clib/microlib/init/entry.s            0x00000000   Number         0  entry8b.o ABSOLUTE
    ../clib/microlib/init/entry.s            0x00000000   Number         0  entry9a.o ABSOLUTE
    ../clib/microlib/init/entry.s            0x00000000   Number         0  entry9b.o ABSOLUTE
    ../clib/microlib/init/entry.s            0x00000000   Number         0  entry10a.o ABSOLUTE
    ../clib/microlib/init/entry.s            0x00000000   Number         0  entry10b.o ABSOLUTE
    ../clib/microlib/init/entry.s            0x00000000   Number         0  entry11a.o ABSOLUTE
    ../clib/microlib/init/entry.s            0x00000000   Number         0  entry11b.o ABSOLUTE
    ../clib/microlib/stdio/puts.c            0x00000000   Number         0  puts.o ABSOLUTE
    ../clib/microlib/stdio/puts.c            0x00000000   Number         0  puts_e.o ABSOLUTE
    ../clib/microlib/stdio/streams.c         0x00000000   Number         0  stdout.o ABSOLUTE
    dc.s                                     0x00000000   Number         0  dc.o ABSOLUTE
    gpio.c                                   0x00000000   Number         0  gpio.o ABSOLUTE
    handlers.s                               0x00000000   Number         0  handlers.o ABSOLUTE
    init.s                                   0x00000000   Number         0  init.o ABSOLUTE
    main.c                                   0x00000000   Number         0  main.o ABSOLUTE
    startup_stm32f103xb.s                    0x00000000   Number         0  startup_stm32f103xb.o ABSOLUTE
    stm32f1xx_hal.c                          0x00000000   Number         0  stm32f1xx_hal.o ABSOLUTE
    stm32f1xx_hal_cortex.c                   0x00000000   Number         0  stm32f1xx_hal_cortex.o ABSOLUTE
    stm32f1xx_hal_dma.c                      0x00000000   Number         0  stm32f1xx_hal_dma.o ABSOLUTE
    stm32f1xx_hal_exti.c                     0x00000000   Number         0  stm32f1xx_hal_exti.o ABSOLUTE
    stm32f1xx_hal_flash.c                    0x00000000   Number         0  stm32f1xx_hal_flash.o ABSOLUTE
    stm32f1xx_hal_flash_ex.c                 0x00000000   Number         0  stm32f1xx_hal_flash_ex.o ABSOLUTE
    stm32f1xx_hal_gpio.c                     0x00000000   Number         0  stm32f1xx_hal_gpio.o ABSOLUTE
    stm32f1xx_hal_gpio_ex.c                  0x00000000   Number         0  stm32f1xx_hal_gpio_ex.o ABSOLUTE
    stm32f1xx_hal_msp.c                      0x00000000   Number         0  stm32f1xx_hal_msp.o ABSOLUTE
    stm32f1xx_hal_pwr.c                      0x00000000   Number         0  stm32f1xx_hal_pwr.o ABSOLUTE
    stm32f1xx_hal_rcc.c                      0x00000000   Number         0  stm32f1xx_hal_rcc.o ABSOLUTE
    stm32f1xx_hal_rcc_ex.c                   0x00000000   Number         0  stm32f1xx_hal_rcc_ex.o ABSOLUTE
    stm32f1xx_hal_uart.c                     0x00000000   Number         0  stm32f1xx_hal_uart.o ABSOLUTE
    stm32f1xx_it.c                           0x00000000   Number         0  stm32f1xx_it.o ABSOLUTE
    system_stm32f1xx.c                       0x00000000   Number         0  system_stm32f1xx.o ABSOLUTE
    usart.c                                  0x00000000   Number         0  usart.o ABSOLUTE
    RESET                                    0x08000000   Section      236  startup_stm32f103xb.o(RESET)
    .ARM.Collect$$$$00000000                 0x080000ec   Section        0  entry.o(.ARM.Collect$$$$00000000)
    .ARM.Collect$$$$00000001                 0x080000ec   Section        4  entry2.o(.ARM.Collect$$$$00000001)
    .ARM.Collect$$$$00000004                 0x080000f0   Section        4  entry5.o(.ARM.Collect$$$$00000004)
    .ARM.Collect$$$$00000008                 0x080000f4   Section        0  entry7b.o(.ARM.Collect$$$$00000008)
    .ARM.Collect$$$$0000000A                 0x080000f4   Section        0  entry8b.o(.ARM.Collect$$$$0000000A)
    .ARM.Collect$$$$0000000B                 0x080000f4   Section        8  entry9a.o(.ARM.Collect$$$$0000000B)
    __lit__00000000                          0x080000fc   Data           4  entry2.o(.ARM.Collect$$$$00002712)
    .ARM.Collect$$$$0000000D                 0x080000fc   Section        0  entry10a.o(.ARM.Collect$$$$0000000D)
    .ARM.Collect$$$$0000000F                 0x080000fc   Section        0  entry11a.o(.ARM.Collect$$$$0000000F)
    .ARM.Collect$$$$00002712                 0x080000fc   Section        4  entry2.o(.ARM.Collect$$$$00002712)
    .text                                    0x08000100   Section       36  startup_stm32f103xb.o(.text)
    .text                                    0x08000124   Section       48  init.o(.text)
    [Anonymous Symbol]                       0x08000154   Section        0  stm32f1xx_it.o(.text.BusFault_Handler)
    [Anonymous Symbol]                       0x08000158   Section        0  stm32f1xx_it.o(.text.DebugMon_Handler)
    [Anonymous Symbol]                       0x0800015c   Section        0  main.o(.text.Error_Handler)
    [Anonymous Symbol]                       0x08000168   Section        0  stm32f1xx_hal_dma.o(.text.HAL_DMA_Abort)
    [Anonymous Symbol]                       0x080001b0   Section        0  stm32f1xx_hal_dma.o(.text.HAL_DMA_Abort_IT)
    [Anonymous Symbol]                       0x08000268   Section        0  stm32f1xx_hal.o(.text.HAL_Delay)
    [Anonymous Symbol]                       0x08000290   Section        0  stm32f1xx_hal_gpio.o(.text.HAL_GPIO_Init)
    [Anonymous Symbol]                       0x080004a0   Section        0  stm32f1xx_hal_gpio.o(.text.HAL_GPIO_TogglePin)
    [Anonymous Symbol]                       0x080004b0   Section        0  stm32f1xx_hal_gpio.o(.text.HAL_GPIO_WritePin)
    [Anonymous Symbol]                       0x080004bc   Section        0  stm32f1xx_hal.o(.text.HAL_GetTick)
    [Anonymous Symbol]                       0x080004c8   Section        0  stm32f1xx_hal.o(.text.HAL_IncTick)
    [Anonymous Symbol]                       0x080004e4   Section        0  stm32f1xx_hal.o(.text.HAL_Init)
    [Anonymous Symbol]                       0x0800050c   Section        0  stm32f1xx_hal.o(.text.HAL_InitTick)
    [Anonymous Symbol]                       0x08000554   Section        0  stm32f1xx_hal_msp.o(.text.HAL_MspInit)
    [Anonymous Symbol]                       0x08000598   Section        0  stm32f1xx_hal_cortex.o(.text.HAL_NVIC_EnableIRQ)
    [Anonymous Symbol]                       0x080005bc   Section        0  stm32f1xx_hal_cortex.o(.text.HAL_NVIC_SetPriority)
    [Anonymous Symbol]                       0x08000614   Section        0  stm32f1xx_hal_cortex.o(.text.HAL_NVIC_SetPriorityGrouping)
    [Anonymous Symbol]                       0x08000634   Section        0  stm32f1xx_hal_rcc.o(.text.HAL_RCC_ClockConfig)
    [Anonymous Symbol]                       0x080007f0   Section        0  stm32f1xx_hal_rcc.o(.text.HAL_RCC_GetPCLK1Freq)
    [Anonymous Symbol]                       0x08000818   Section        0  stm32f1xx_hal_rcc.o(.text.HAL_RCC_GetPCLK2Freq)
    [Anonymous Symbol]                       0x08000840   Section        0  stm32f1xx_hal_rcc.o(.text.HAL_RCC_OscConfig)
    [Anonymous Symbol]                       0x08000c40   Section        0  stm32f1xx_hal_cortex.o(.text.HAL_SYSTICK_Config)
    [Anonymous Symbol]                       0x08000c6c   Section        0  stm32f1xx_hal_uart.o(.text.HAL_UARTEx_RxEventCallback)
    [Anonymous Symbol]                       0x08000c70   Section        0  stm32f1xx_hal_uart.o(.text.HAL_UART_ErrorCallback)
    [Anonymous Symbol]                       0x08000c74   Section        0  stm32f1xx_hal_uart.o(.text.HAL_UART_IRQHandler)
    [Anonymous Symbol]                       0x080011e4   Section        0  stm32f1xx_hal_uart.o(.text.HAL_UART_Init)
    [Anonymous Symbol]                       0x080012c8   Section        0  usart.o(.text.HAL_UART_MspInit)
    [Anonymous Symbol]                       0x08001358   Section        0  stm32f1xx_hal_uart.o(.text.HAL_UART_RxCpltCallback)
    [Anonymous Symbol]                       0x0800135c   Section        0  stm32f1xx_hal_uart.o(.text.HAL_UART_Transmit)
    [Anonymous Symbol]                       0x080014f0   Section        0  stm32f1xx_hal_uart.o(.text.HAL_UART_TxCpltCallback)
    [Anonymous Symbol]                       0x080014f4   Section        0  stm32f1xx_it.o(.text.HardFault_Handler)
    [Anonymous Symbol]                       0x080014f8   Section        0  gpio.o(.text.MX_GPIO_Init)
    [Anonymous Symbol]                       0x08001574   Section        0  usart.o(.text.MX_USART1_UART_Init)
    [Anonymous Symbol]                       0x080015b0   Section        0  stm32f1xx_it.o(.text.MemManage_Handler)
    [Anonymous Symbol]                       0x080015b4   Section        0  stm32f1xx_it.o(.text.NMI_Handler)
    [Anonymous Symbol]                       0x080015b8   Section        0  stm32f1xx_it.o(.text.PendSV_Handler)
    [Anonymous Symbol]                       0x080015bc   Section        0  stm32f1xx_it.o(.text.SVC_Handler)
    [Anonymous Symbol]                       0x080015c0   Section        0  stm32f1xx_it.o(.text.SysTick_Handler)
    [Anonymous Symbol]                       0x080015c4   Section        0  system_stm32f1xx.o(.text.SystemInit)
    UART_DMAAbortOnError                     0x080015c9   Thumb Code    12  stm32f1xx_hal_uart.o(.text.UART_DMAAbortOnError)
    [Anonymous Symbol]                       0x080015c8   Section        0  stm32f1xx_hal_uart.o(.text.UART_DMAAbortOnError)
    UART_Receive_IT                          0x080015d5   Thumb Code   254  stm32f1xx_hal_uart.o(.text.UART_Receive_IT)
    [Anonymous Symbol]                       0x080015d4   Section        0  stm32f1xx_hal_uart.o(.text.UART_Receive_IT)
    [Anonymous Symbol]                       0x080016d4   Section        0  stm32f1xx_it.o(.text.USART1_IRQHandler)
    [Anonymous Symbol]                       0x080016e0   Section        0  stm32f1xx_it.o(.text.UsageFault_Handler)
    [Anonymous Symbol]                       0x080016e4   Section        0  usart.o(.text.fputc)
    [Anonymous Symbol]                       0x08001704   Section        0  main.o(.text.main)
    i.__scatterload_copy                     0x080017a8   Section       14  handlers.o(i.__scatterload_copy)
    i.__scatterload_null                     0x080017b6   Section        2  handlers.o(i.__scatterload_null)
    i.__scatterload_zeroinit                 0x080017b8   Section       14  handlers.o(i.__scatterload_zeroinit)
    i.puts                                   0x080017c8   Section        0  puts.o(i.puts)
    HAL_RCC_GetSysClockFreq.aPredivFactorTable 0x08001804   Data           2  stm32f1xx_hal_rcc.o(.rodata.HAL_RCC_GetSysClockFreq.aPredivFactorTable)
    [Anonymous Symbol]                       0x08001804   Section        0  stm32f1xx_hal_rcc.o(.rodata.HAL_RCC_GetSysClockFreq.aPredivFactorTable)
    HAL_RCC_GetSysClockFreq.aPLLMULFactorTable 0x08001806   Data          16  stm32f1xx_hal_rcc.o(.rodata.cst16)
    [Anonymous Symbol]                       0x08001806   Section        0  stm32f1xx_hal_rcc.o(.rodata.cst16)
    .data                                    0x20000000   Section        4  stdout.o(.data)
    .L_MergedGlobals                         0x20000004   Data           8  stm32f1xx_hal.o(.data..L_MergedGlobals)
    [Anonymous Symbol]                       0x20000004   Section        0  stm32f1xx_hal.o(.data..L_MergedGlobals)
    STACK                                    0x20000060   Section     1024  startup_stm32f103xb.o(STACK)

    Global Symbols

    Symbol Name                              Value     Ov Type        Size  Object(Section)

    BuildAttributes$$THM_ISAv4$P$D$K$B$S$PE$A:L22UL41UL21$X:L11$S22US41US21$IEEE1$IW$~IW$USESV6$~STKCKD$USESV7$~SHL$OTIME$EBA8$MICROLIB$REQ8$PRES8$EABIv2 0x00000000   Number         0  anon$$obj.o ABSOLUTE
    __cpp_initialize__aeabi_                  - Undefined Weak Reference
    __cxa_finalize                            - Undefined Weak Reference
    __decompress                              - Undefined Weak Reference
    _clock_init                               - Undefined Weak Reference
    _microlib_exit                            - Undefined Weak Reference
    __Vectors_Size                           0x000000ec   Number         0  startup_stm32f103xb.o ABSOLUTE
    __Vectors                                0x08000000   Data           4  startup_stm32f103xb.o(RESET)
    __Vectors_End                            0x080000ec   Data           0  startup_stm32f103xb.o(RESET)
    __main                                   0x080000ed   Thumb Code     0  entry.o(.ARM.Collect$$$$00000000)
    _main_stk                                0x080000ed   Thumb Code     0  entry2.o(.ARM.Collect$$$$00000001)
    _main_scatterload                        0x080000f1   Thumb Code     0  entry5.o(.ARM.Collect$$$$00000004)
    __main_after_scatterload                 0x080000f5   Thumb Code     0  entry5.o(.ARM.Collect$$$$00000004)
    _main_clock                              0x080000f5   Thumb Code     0  entry7b.o(.ARM.Collect$$$$00000008)
    _main_cpp_init                           0x080000f5   Thumb Code     0  entry8b.o(.ARM.Collect$$$$0000000A)
    _main_init                               0x080000f5   Thumb Code     0  entry9a.o(.ARM.Collect$$$$0000000B)
    __rt_final_cpp                           0x080000fd   Thumb Code     0  entry10a.o(.ARM.Collect$$$$0000000D)
    __rt_final_exit                          0x080000fd   Thumb Code     0  entry11a.o(.ARM.Collect$$$$0000000F)
    Reset_Handler                            0x08000101   Thumb Code     8  startup_stm32f103xb.o(.text)
    ADC1_2_IRQHandler                        0x0800011b   Thumb Code     0  startup_stm32f103xb.o(.text)
    CAN1_RX1_IRQHandler                      0x0800011b   Thumb Code     0  startup_stm32f103xb.o(.text)
    CAN1_SCE_IRQHandler                      0x0800011b   Thumb Code     0  startup_stm32f103xb.o(.text)
    DMA1_Channel1_IRQHandler                 0x0800011b   Thumb Code     0  startup_stm32f103xb.o(.text)
    DMA1_Channel2_IRQHandler                 0x0800011b   Thumb Code     0  startup_stm32f103xb.o(.text)
    DMA1_Channel3_IRQHandler                 0x0800011b   Thumb Code     0  startup_stm32f103xb.o(.text)
    DMA1_Channel4_IRQHandler                 0x0800011b   Thumb Code     0  startup_stm32f103xb.o(.text)
    DMA1_Channel5_IRQHandler                 0x0800011b   Thumb Code     0  startup_stm32f103xb.o(.text)
    DMA1_Channel6_IRQHandler                 0x0800011b   Thumb Code     0  startup_stm32f103xb.o(.text)
    DMA1_Channel7_IRQHandler                 0x0800011b   Thumb Code     0  startup_stm32f103xb.o(.text)
    EXTI0_IRQHandler                         0x0800011b   Thumb Code     0  startup_stm32f103xb.o(.text)
    EXTI15_10_IRQHandler                     0x0800011b   Thumb Code     0  startup_stm32f103xb.o(.text)
    EXTI1_IRQHandler                         0x0800011b   Thumb Code     0  startup_stm32f103xb.o(.text)
    EXTI2_IRQHandler                         0x0800011b   Thumb Code     0  startup_stm32f103xb.o(.text)
    EXTI3_IRQHandler                         0x0800011b   Thumb Code     0  startup_stm32f103xb.o(.text)
    EXTI4_IRQHandler                         0x0800011b   Thumb Code     0  startup_stm32f103xb.o(.text)
    EXTI9_5_IRQHandler                       0x0800011b   Thumb Code     0  startup_stm32f103xb.o(.text)
    FLASH_IRQHandler                         0x0800011b   Thumb Code     0  startup_stm32f103xb.o(.text)
    I2C1_ER_IRQHandler                       0x0800011b   Thumb Code     0  startup_stm32f103xb.o(.text)
    I2C1_EV_IRQHandler                       0x0800011b   Thumb Code     0  startup_stm32f103xb.o(.text)
    I2C2_ER_IRQHandler                       0x0800011b   Thumb Code     0  startup_stm32f103xb.o(.text)
    I2C2_EV_IRQHandler                       0x0800011b   Thumb Code     0  startup_stm32f103xb.o(.text)
    PVD_IRQHandler                           0x0800011b   Thumb Code     0  startup_stm32f103xb.o(.text)
    RCC_IRQHandler                           0x0800011b   Thumb Code     0  startup_stm32f103xb.o(.text)
    RTC_Alarm_IRQHandler                     0x0800011b   Thumb Code     0  startup_stm32f103xb.o(.text)
    RTC_IRQHandler                           0x0800011b   Thumb Code     0  startup_stm32f103xb.o(.text)
    SPI1_IRQHandler                          0x0800011b   Thumb Code     0  startup_stm32f103xb.o(.text)
    SPI2_IRQHandler                          0x0800011b   Thumb Code     0  startup_stm32f103xb.o(.text)
    TAMPER_IRQHandler                        0x0800011b   Thumb Code     0  startup_stm32f103xb.o(.text)
    TIM1_BRK_IRQHandler                      0x0800011b   Thumb Code     0  startup_stm32f103xb.o(.text)
    TIM1_CC_IRQHandler                       0x0800011b   Thumb Code     0  startup_stm32f103xb.o(.text)
    TIM1_TRG_COM_IRQHandler                  0x0800011b   Thumb Code     0  startup_stm32f103xb.o(.text)
    TIM1_UP_IRQHandler                       0x0800011b   Thumb Code     0  startup_stm32f103xb.o(.text)
    TIM2_IRQHandler                          0x0800011b   Thumb Code     0  startup_stm32f103xb.o(.text)
    TIM3_IRQHandler                          0x0800011b   Thumb Code     0  startup_stm32f103xb.o(.text)
    TIM4_IRQHandler                          0x0800011b   Thumb Code     0  startup_stm32f103xb.o(.text)
    USART2_IRQHandler                        0x0800011b   Thumb Code     0  startup_stm32f103xb.o(.text)
    USART3_IRQHandler                        0x0800011b   Thumb Code     0  startup_stm32f103xb.o(.text)
    USBWakeUp_IRQHandler                     0x0800011b   Thumb Code     0  startup_stm32f103xb.o(.text)
    USB_HP_CAN1_TX_IRQHandler                0x0800011b   Thumb Code     0  startup_stm32f103xb.o(.text)
    USB_LP_CAN1_RX0_IRQHandler               0x0800011b   Thumb Code     0  startup_stm32f103xb.o(.text)
    WWDG_IRQHandler                          0x0800011b   Thumb Code     0  startup_stm32f103xb.o(.text)
    __scatterload                            0x08000125   Thumb Code    38  init.o(.text)
    __scatterload_rt2                        0x08000125   Thumb Code     0  init.o(.text)
    BusFault_Handler                         0x08000155   Thumb Code     2  stm32f1xx_it.o(.text.BusFault_Handler)
    DebugMon_Handler                         0x08000159   Thumb Code     2  stm32f1xx_it.o(.text.DebugMon_Handler)
    Error_Handler                            0x0800015d   Thumb Code    10  main.o(.text.Error_Handler)
    HAL_DMA_Abort                            0x08000169   Thumb Code    70  stm32f1xx_hal_dma.o(.text.HAL_DMA_Abort)
    HAL_DMA_Abort_IT                         0x080001b1   Thumb Code   182  stm32f1xx_hal_dma.o(.text.HAL_DMA_Abort_IT)
    HAL_Delay                                0x08000269   Thumb Code    40  stm32f1xx_hal.o(.text.HAL_Delay)
    HAL_GPIO_Init                            0x08000291   Thumb Code   526  stm32f1xx_hal_gpio.o(.text.HAL_GPIO_Init)
    HAL_GPIO_TogglePin                       0x080004a1   Thumb Code    16  stm32f1xx_hal_gpio.o(.text.HAL_GPIO_TogglePin)
    HAL_GPIO_WritePin                        0x080004b1   Thumb Code    10  stm32f1xx_hal_gpio.o(.text.HAL_GPIO_WritePin)
    HAL_GetTick                              0x080004bd   Thumb Code    12  stm32f1xx_hal.o(.text.HAL_GetTick)
    HAL_IncTick                              0x080004c9   Thumb Code    26  stm32f1xx_hal.o(.text.HAL_IncTick)
    HAL_Init                                 0x080004e5   Thumb Code    38  stm32f1xx_hal.o(.text.HAL_Init)
    HAL_InitTick                             0x0800050d   Thumb Code    72  stm32f1xx_hal.o(.text.HAL_InitTick)
    HAL_MspInit                              0x08000555   Thumb Code    66  stm32f1xx_hal_msp.o(.text.HAL_MspInit)
    HAL_NVIC_EnableIRQ                       0x08000599   Thumb Code    34  stm32f1xx_hal_cortex.o(.text.HAL_NVIC_EnableIRQ)
    HAL_NVIC_SetPriority                     0x080005bd   Thumb Code    86  stm32f1xx_hal_cortex.o(.text.HAL_NVIC_SetPriority)
    HAL_NVIC_SetPriorityGrouping             0x08000615   Thumb Code    32  stm32f1xx_hal_cortex.o(.text.HAL_NVIC_SetPriorityGrouping)
    HAL_RCC_ClockConfig                      0x08000635   Thumb Code   442  stm32f1xx_hal_rcc.o(.text.HAL_RCC_ClockConfig)
    HAL_RCC_GetPCLK1Freq                     0x080007f1   Thumb Code    38  stm32f1xx_hal_rcc.o(.text.HAL_RCC_GetPCLK1Freq)
    HAL_RCC_GetPCLK2Freq                     0x08000819   Thumb Code    38  stm32f1xx_hal_rcc.o(.text.HAL_RCC_GetPCLK2Freq)
    HAL_RCC_OscConfig                        0x08000841   Thumb Code  1024  stm32f1xx_hal_rcc.o(.text.HAL_RCC_OscConfig)
    HAL_SYSTICK_Config                       0x08000c41   Thumb Code    44  stm32f1xx_hal_cortex.o(.text.HAL_SYSTICK_Config)
    HAL_UARTEx_RxEventCallback               0x08000c6d   Thumb Code     2  stm32f1xx_hal_uart.o(.text.HAL_UARTEx_RxEventCallback)
    HAL_UART_ErrorCallback                   0x08000c71   Thumb Code     2  stm32f1xx_hal_uart.o(.text.HAL_UART_ErrorCallback)
    HAL_UART_IRQHandler                      0x08000c75   Thumb Code  1392  stm32f1xx_hal_uart.o(.text.HAL_UART_IRQHandler)
    HAL_UART_Init                            0x080011e5   Thumb Code   226  stm32f1xx_hal_uart.o(.text.HAL_UART_Init)
    HAL_UART_MspInit                         0x080012c9   Thumb Code   142  usart.o(.text.HAL_UART_MspInit)
    HAL_UART_RxCpltCallback                  0x08001359   Thumb Code     2  stm32f1xx_hal_uart.o(.text.HAL_UART_RxCpltCallback)
    HAL_UART_Transmit                        0x0800135d   Thumb Code   402  stm32f1xx_hal_uart.o(.text.HAL_UART_Transmit)
    HAL_UART_TxCpltCallback                  0x080014f1   Thumb Code     2  stm32f1xx_hal_uart.o(.text.HAL_UART_TxCpltCallback)
    HardFault_Handler                        0x080014f5   Thumb Code     2  stm32f1xx_it.o(.text.HardFault_Handler)
    MX_GPIO_Init                             0x080014f9   Thumb Code   124  gpio.o(.text.MX_GPIO_Init)
    MX_USART1_UART_Init                      0x08001575   Thumb Code    60  usart.o(.text.MX_USART1_UART_Init)
    MemManage_Handler                        0x080015b1   Thumb Code     2  stm32f1xx_it.o(.text.MemManage_Handler)
    NMI_Handler                              0x080015b5   Thumb Code     2  stm32f1xx_it.o(.text.NMI_Handler)
    PendSV_Handler                           0x080015b9   Thumb Code     2  stm32f1xx_it.o(.text.PendSV_Handler)
    SVC_Handler                              0x080015bd   Thumb Code     2  stm32f1xx_it.o(.text.SVC_Handler)
    SysTick_Handler                          0x080015c1   Thumb Code     4  stm32f1xx_it.o(.text.SysTick_Handler)
    SystemInit                               0x080015c5   Thumb Code     2  system_stm32f1xx.o(.text.SystemInit)
    USART1_IRQHandler                        0x080016d5   Thumb Code    12  stm32f1xx_it.o(.text.USART1_IRQHandler)
    UsageFault_Handler                       0x080016e1   Thumb Code     2  stm32f1xx_it.o(.text.UsageFault_Handler)
    fputc                                    0x080016e5   Thumb Code    32  usart.o(.text.fputc)
    main                                     0x08001705   Thumb Code   144  main.o(.text.main)
    __scatterload_copy                       0x080017a9   Thumb Code    14  handlers.o(i.__scatterload_copy)
    __scatterload_null                       0x080017b7   Thumb Code     2  handlers.o(i.__scatterload_null)
    __scatterload_zeroinit                   0x080017b9   Thumb Code    14  handlers.o(i.__scatterload_zeroinit)
    puts                                     0x080017c9   Thumb Code    30  puts.o(i.puts)
    AHBPrescTable                            0x080017ec   Data          16  system_stm32f1xx.o(.rodata.AHBPrescTable)
    APBPrescTable                            0x080017fc   Data           8  system_stm32f1xx.o(.rodata.APBPrescTable)
    Region$$Table$$Base                      0x08001818   Number         0  anon$$obj.o(Region$$Table)
    Region$$Table$$Limit                     0x08001838   Number         0  anon$$obj.o(Region$$Table)
    __stdout                                 0x20000000   Data           4  stdout.o(.data)
    uwTickFreq                               0x20000004   Data           1  stm32f1xx_hal.o(.data..L_MergedGlobals)
    uwTickPrio                               0x20000008   Data           4  stm32f1xx_hal.o(.data..L_MergedGlobals)
    SystemCoreClock                          0x2000000c   Data           4  system_stm32f1xx.o(.data.SystemCoreClock)
    huart1                                   0x20000010   Data          72  usart.o(.bss.huart1)
    uwTick                                   0x20000058   Data           4  stm32f1xx_hal.o(.bss.uwTick)
    __initial_sp                             0x20000460   Data           0  startup_stm32f103xb.o(STACK)



==============================================================================

Memory Map of the image

  Image Entry point : 0x080000ed

  Load Region LR_IROM1 (Base: 0x08000000, Size: 0x00001848, Max: 0x00010000, ABSOLUTE)

    Execution Region ER_IROM1 (Exec base: 0x08000000, Load base: 0x08000000, Size: 0x00001838, Max: 0x00010000, ABSOLUTE)

    Exec Addr    Load Addr    Size         Type   Attr      Idx    E Section Name        Object

    0x08000000   0x08000000   0x000000ec   Data   RO            3    RESET               startup_stm32f103xb.o
    0x080000ec   0x080000ec   0x00000000   Code   RO          571  * .ARM.Collect$$$$00000000  mc_w.l(entry.o)
    0x080000ec   0x080000ec   0x00000004   Code   RO          578    .ARM.Collect$$$$00000001  mc_w.l(entry2.o)
    0x080000f0   0x080000f0   0x00000004   Code   RO          581    .ARM.Collect$$$$00000004  mc_w.l(entry5.o)
    0x080000f4   0x080000f4   0x00000000   Code   RO          583    .ARM.Collect$$$$00000008  mc_w.l(entry7b.o)
    0x080000f4   0x080000f4   0x00000000   Code   RO          585    .ARM.Collect$$$$0000000A  mc_w.l(entry8b.o)
    0x080000f4   0x080000f4   0x00000008   Code   RO          586    .ARM.Collect$$$$0000000B  mc_w.l(entry9a.o)
    0x080000fc   0x080000fc   0x00000000   Code   RO          588    .ARM.Collect$$$$0000000D  mc_w.l(entry10a.o)
    0x080000fc   0x080000fc   0x00000000   Code   RO          590    .ARM.Collect$$$$0000000F  mc_w.l(entry11a.o)
    0x080000fc   0x080000fc   0x00000004   Code   RO          579    .ARM.Collect$$$$00002712  mc_w.l(entry2.o)
    0x08000100   0x08000100   0x00000024   Code   RO            4    .text               startup_stm32f103xb.o
    0x08000124   0x08000124   0x00000030   Code   RO          593    .text               mc_w.l(init.o)
    0x08000154   0x08000154   0x00000002   Code   RO           60    .text.BusFault_Handler  stm32f1xx_it.o
    0x08000156   0x08000156   0x00000002   PAD
    0x08000158   0x08000158   0x00000002   Code   RO           66    .text.DebugMon_Handler  stm32f1xx_it.o
    0x0800015a   0x0800015a   0x00000002   PAD
    0x0800015c   0x0800015c   0x0000000a   Code   RO           15    .text.Error_Handler  main.o
    0x08000166   0x08000166   0x00000002   PAD
    0x08000168   0x08000168   0x00000046   Code   RO          368    .text.HAL_DMA_Abort  stm32f1xx_hal_dma.o
    0x080001ae   0x080001ae   0x00000002   PAD
    0x080001b0   0x080001b0   0x000000b6   Code   RO          370    .text.HAL_DMA_Abort_IT  stm32f1xx_hal_dma.o
    0x08000266   0x08000266   0x00000002   PAD
    0x08000268   0x08000268   0x00000028   Code   RO          244    .text.HAL_Delay     stm32f1xx_hal.o
    0x08000290   0x08000290   0x0000020e   Code   RO          336    .text.HAL_GPIO_Init  stm32f1xx_hal_gpio.o
    0x0800049e   0x0800049e   0x00000002   PAD
    0x080004a0   0x080004a0   0x00000010   Code   RO          344    .text.HAL_GPIO_TogglePin  stm32f1xx_hal_gpio.o
    0x080004b0   0x080004b0   0x0000000a   Code   RO          342    .text.HAL_GPIO_WritePin  stm32f1xx_hal_gpio.o
    0x080004ba   0x080004ba   0x00000002   PAD
    0x080004bc   0x080004bc   0x0000000c   Code   RO          236    .text.HAL_GetTick   stm32f1xx_hal.o
    0x080004c8   0x080004c8   0x0000001a   Code   RO          234    .text.HAL_IncTick   stm32f1xx_hal.o
    0x080004e2   0x080004e2   0x00000002   PAD
    0x080004e4   0x080004e4   0x00000026   Code   RO          224    .text.HAL_Init      stm32f1xx_hal.o
    0x0800050a   0x0800050a   0x00000002   PAD
    0x0800050c   0x0800050c   0x00000048   Code   RO          226    .text.HAL_InitTick  stm32f1xx_hal.o
    0x08000554   0x08000554   0x00000042   Code   RO           81    .text.HAL_MspInit   stm32f1xx_hal_msp.o
    0x08000596   0x08000596   0x00000002   PAD
    0x08000598   0x08000598   0x00000022   Code   RO          396    .text.HAL_NVIC_EnableIRQ  stm32f1xx_hal_cortex.o
    0x080005ba   0x080005ba   0x00000002   PAD
    0x080005bc   0x080005bc   0x00000056   Code   RO          394    .text.HAL_NVIC_SetPriority  stm32f1xx_hal_cortex.o
    0x08000612   0x08000612   0x00000002   PAD
    0x08000614   0x08000614   0x00000020   Code   RO          392    .text.HAL_NVIC_SetPriorityGrouping  stm32f1xx_hal_cortex.o
    0x08000634   0x08000634   0x000001ba   Code   RO          288    .text.HAL_RCC_ClockConfig  stm32f1xx_hal_rcc.o
    0x080007ee   0x080007ee   0x00000002   PAD
    0x080007f0   0x080007f0   0x00000026   Code   RO          300    .text.HAL_RCC_GetPCLK1Freq  stm32f1xx_hal_rcc.o
    0x08000816   0x08000816   0x00000002   PAD
    0x08000818   0x08000818   0x00000026   Code   RO          302    .text.HAL_RCC_GetPCLK2Freq  stm32f1xx_hal_rcc.o
    0x0800083e   0x0800083e   0x00000002   PAD
    0x08000840   0x08000840   0x00000400   Code   RO          286    .text.HAL_RCC_OscConfig  stm32f1xx_hal_rcc.o
    0x08000c40   0x08000c40   0x0000002c   Code   RO          404    .text.HAL_SYSTICK_Config  stm32f1xx_hal_cortex.o
    0x08000c6c   0x08000c6c   0x00000002   Code   RO          188    .text.HAL_UARTEx_RxEventCallback  stm32f1xx_hal_uart.o
    0x08000c6e   0x08000c6e   0x00000002   PAD
    0x08000c70   0x08000c70   0x00000002   Code   RO          186    .text.HAL_UART_ErrorCallback  stm32f1xx_hal_uart.o
    0x08000c72   0x08000c72   0x00000002   PAD
    0x08000c74   0x08000c74   0x00000570   Code   RO          180    .text.HAL_UART_IRQHandler  stm32f1xx_hal_uart.o
    0x080011e4   0x080011e4   0x000000e2   Code   RO          104    .text.HAL_UART_Init  stm32f1xx_hal_uart.o
    0x080012c6   0x080012c6   0x00000002   PAD
    0x080012c8   0x080012c8   0x0000008e   Code   RO           37    .text.HAL_UART_MspInit  usart.o
    0x08001356   0x08001356   0x00000002   PAD
    0x08001358   0x08001358   0x00000002   Code   RO          194    .text.HAL_UART_RxCpltCallback  stm32f1xx_hal_uart.o
    0x0800135a   0x0800135a   0x00000002   PAD
    0x0800135c   0x0800135c   0x00000192   Code   RO          118    .text.HAL_UART_Transmit  stm32f1xx_hal_uart.o
    0x080014ee   0x080014ee   0x00000002   PAD
    0x080014f0   0x080014f0   0x00000002   Code   RO          190    .text.HAL_UART_TxCpltCallback  stm32f1xx_hal_uart.o
    0x080014f2   0x080014f2   0x00000002   PAD
    0x080014f4   0x080014f4   0x00000002   Code   RO           56    .text.HardFault_Handler  stm32f1xx_it.o
    0x080014f6   0x080014f6   0x00000002   PAD
    0x080014f8   0x080014f8   0x0000007c   Code   RO           26    .text.MX_GPIO_Init  gpio.o
    0x08001574   0x08001574   0x0000003c   Code   RO           35    .text.MX_USART1_UART_Init  usart.o
    0x080015b0   0x080015b0   0x00000002   Code   RO           58    .text.MemManage_Handler  stm32f1xx_it.o
    0x080015b2   0x080015b2   0x00000002   PAD
    0x080015b4   0x080015b4   0x00000002   Code   RO           54    .text.NMI_Handler   stm32f1xx_it.o
    0x080015b6   0x080015b6   0x00000002   PAD
    0x080015b8   0x080015b8   0x00000002   Code   RO           68    .text.PendSV_Handler  stm32f1xx_it.o
    0x080015ba   0x080015ba   0x00000002   PAD
    0x080015bc   0x080015bc   0x00000002   Code   RO           64    .text.SVC_Handler   stm32f1xx_it.o
    0x080015be   0x080015be   0x00000002   PAD
    0x080015c0   0x080015c0   0x00000004   Code   RO           70    .text.SysTick_Handler  stm32f1xx_it.o
    0x080015c4   0x080015c4   0x00000002   Code   RO          557    .text.SystemInit    system_stm32f1xx.o
    0x080015c6   0x080015c6   0x00000002   PAD
    0x080015c8   0x080015c8   0x0000000c   Code   RO          184    .text.UART_DMAAbortOnError  stm32f1xx_hal_uart.o
    0x080015d4   0x080015d4   0x000000fe   Code   RO          182    .text.UART_Receive_IT  stm32f1xx_hal_uart.o
    0x080016d2   0x080016d2   0x00000002   PAD
    0x080016d4   0x080016d4   0x0000000c   Code   RO           72    .text.USART1_IRQHandler  stm32f1xx_it.o
    0x080016e0   0x080016e0   0x00000002   Code   RO           62    .text.UsageFault_Handler  stm32f1xx_it.o
    0x080016e2   0x080016e2   0x00000002   PAD
    0x080016e4   0x080016e4   0x00000020   Code   RO           41    .text.fputc         usart.o
    0x08001704   0x08001704   0x000000a4   Code   RO           11    .text.main          main.o
    0x080017a8   0x080017a8   0x0000000e   Code   RO          597    i.__scatterload_copy  mc_w.l(handlers.o)
    0x080017b6   0x080017b6   0x00000002   Code   RO          598    i.__scatterload_null  mc_w.l(handlers.o)
    0x080017b8   0x080017b8   0x0000000e   Code   RO          599    i.__scatterload_zeroinit  mc_w.l(handlers.o)
    0x080017c6   0x080017c6   0x00000002   PAD
    0x080017c8   0x080017c8   0x00000024   Code   RO          574    i.puts              mc_w.l(puts.o)
    0x080017ec   0x080017ec   0x00000010   Data   RO          562    .rodata.AHBPrescTable  system_stm32f1xx.o
    0x080017fc   0x080017fc   0x00000008   Data   RO          563    .rodata.APBPrescTable  system_stm32f1xx.o
    0x08001804   0x08001804   0x00000002   Data   RO          313    .rodata.HAL_RCC_GetSysClockFreq.aPredivFactorTable  stm32f1xx_hal_rcc.o
    0x08001806   0x08001806   0x00000010   Data   RO          312    .rodata.cst16       stm32f1xx_hal_rcc.o
    0x08001816   0x08001816   0x00000002   PAD
    0x08001818   0x08001818   0x00000020   Data   RO          596    Region$$Table       anon$$obj.o


    Execution Region RW_IRAM1 (Exec base: 0x20000000, Load base: 0x08001838, Size: 0x00000460, Max: 0x00005000, ABSOLUTE)

    Exec Addr    Load Addr    Size         Type   Attr      Idx    E Section Name        Object

    0x20000000   0x08001838   0x00000004   Data   RW          592    .data               mc_w.l(stdout.o)
    0x20000004   0x0800183c   0x00000008   Data   RW          275    .data..L_MergedGlobals  stm32f1xx_hal.o
    0x2000000c   0x08001844   0x00000004   Data   RW          561    .data.SystemCoreClock  system_stm32f1xx.o
    0x20000010        -       0x00000048   Zero   RW           45    .bss.huart1         usart.o
    0x20000058        -       0x00000004   Zero   RW          274    .bss.uwTick         stm32f1xx_hal.o
    0x2000005c   0x08001848   0x00000004   PAD
    0x20000060        -       0x00000400   Zero   RW            1    STACK               startup_stm32f103xb.o


==============================================================================

Image component sizes


      Code (inc. data)   RO Data    RW Data    ZI Data      Debug   Object Name

       124          0          0          0          0       1528   gpio.o
       174         20          0          0          0       3190   main.o
        36          8        236          0       1024        772   startup_stm32f103xb.o
       188          0          0          8          4       5750   stm32f1xx_hal.o
       196          0          0          0          0       8405   stm32f1xx_hal_cortex.o
       252          0          0          0          0       8553   stm32f1xx_hal_dma.o
       552         22          0          0          0       4747   stm32f1xx_hal_gpio.o
        66          0          0          0          0       1191   stm32f1xx_hal_msp.o
      1542          0         18          0          0       8058   stm32f1xx_hal_rcc.o
      2294          0          0          0          0      33143   stm32f1xx_hal_uart.o
        32          0          0          0          0       3841   stm32f1xx_it.o
         2          0         24          4          0       1569   system_stm32f1xx.o
       234          0          0          0         72       6046   usart.o

    ----------------------------------------------------------------------
      5752         50        312         12       1104      86793   Object Totals
         0          0         32          0          0          0   (incl. Generated)
        60          0          2          0          4          0   (incl. Padding)

    ----------------------------------------------------------------------

      Code (inc. data)   RO Data    RW Data    ZI Data      Debug   Library Member Name

         0          0          0          0          0          0   entry.o
         0          0          0          0          0          0   entry10a.o
         0          0          0          0          0          0   entry11a.o
         8          4          0          0          0          0   entry2.o
         4          0          0          0          0          0   entry5.o
         0          0          0          0          0          0   entry7b.o
         0          0          0          0          0          0   entry8b.o
         8          4          0          0          0          0   entry9a.o
        30          0          0          0          0          0   handlers.o
        48         10          0          0          0         68   init.o
        36          6          0          0          0         80   puts.o
         0          0          0          4          0          0   stdout.o

    ----------------------------------------------------------------------
       136         24          0          4          0        148   Library Totals
         2          0          0          0          0          0   (incl. Padding)

    ----------------------------------------------------------------------

      Code (inc. data)   RO Data    RW Data    ZI Data      Debug   Library Name

       134         24          0          4          0        148   mc_w.l

    ----------------------------------------------------------------------
       136         24          0          4          0        148   Library Totals

    ----------------------------------------------------------------------

==============================================================================


      Code (inc. data)   RO Data    RW Data    ZI Data      Debug   

      5888         74        312         16       1104      86873   Grand Totals
      5888         74        312         16       1104      86873   ELF Image Totals
      5888         74        312         16          0          0   ROM Totals

==============================================================================

    Total RO  Size (Code + RO Data)                 6200 (   6.05kB)
    Total RW  Size (RW Data + ZI Data)              1120 (   1.09kB)
    Total ROM Size (Code + RO Data + RW Data)       6216 (   6.07kB)

==============================================================================

